vite v8.3.0 building client environment for fixture...
transforming...
✓ 915 modules transformed.
rendering chunks...
computing gzip size...
dist/index.html                     1.73 kB │ gzip:   0.77 kB
dist/assets/index-JhdQTQFi.css    200.10 kB │ gzip:  32.58 kB
dist/assets/index-DEW9km3z.js   1,258.68 kB │ gzip: 387.43 kB

[plugin builtin:vite-reporter] 
(!) Some chunks are larger than 500 kB after minification. Consider:
- Using dynamic import() to code-split the application
- Use build.rolldownOptions.output.codeSplitting to improve chunking: https://rolldown.rs/reference/OutputOptions.codeSplitting
- Adjust chunk size limit for this warning via build.chunkSizeWarningLimit.
✓ built in 662ms
  ➜  Local:   http://127.0.0.1:8397/

Running 116 tests using 4 workers

[1/116] e2e/agent-identity-chip.spec.ts:41:3 › 抽屉 robot 行身份 chip（fixture，#741 缺口 1） › F-E1/E2/E10: 头像+名字并排成链，href 指 Agent 设置页，几何 canon 不漂移
[2/116] e2e/chief-composer-tools.spec.ts:264:1 › trigger: @ opens the inline listbox inside the drawer; arrows + Enter insert the token (FM1)
[3/116] e2e/chief-drawer-model.spec.ts:31:3 › chief drawer model row (#615) › the model row is a control that opens the anchored model popover
[4/116] e2e/chief-drawer-slash.spec.ts:126:1 › trigger: `/` opens builtins plus skills, review/stop hidden (F2)
[5/116] e2e/agent-identity-chip.spec.ts:64:3 › 抽屉 robot 行身份 chip（fixture，#741 缺口 1） › F-E9: hover 只变 cursor，不发明背景态（参考站正典）
[6/116] e2e/chief-drawer-slash.spec.ts:148:1 › `/clear` runs without sending and toasts confirmation (F1)
[7/116] e2e/chief-composer-tools.spec.ts:293:1 › mouse: hover highlights and the row click inserts without stealing focus (FM2)
[8/116] e2e/chief-drawer-slash.spec.ts:167:1 › Tab completes without running; Enter without highlight sends (F4)
[9/116] e2e/agent-identity-chip.spec.ts:73:3 › 抽屉 robot 行身份 chip（fixture，#741 缺口 1） › F-E3: 点击 → SPA 导航进 Agent 设置页，详情页解析出真记录
[10/116] e2e/chief-drawer-model.spec.ts:70:3 › chief drawer model row (#615) › the selected model row is readable in both themes (#751 A)
[11/116] e2e/chief-drawer-slash.spec.ts:182:1 › mid-prompt accept inserts literal text, never runs (F3)
[12/116] e2e/chief-composer-tools.spec.ts:311:1 › geometry: the listbox anchors above the composer wrap inside the drawer (FM2)
[13/116] e2e/agent-identity-chip.spec.ts:84:3 › 抽屉 robot 行身份 chip（fixture，#741 缺口 1） › F-E4: 键盘可达——focus 落在 chip 上，Enter 激活导航
[14/116] e2e/chief-drawer-slash.spec.ts:194:1 › /help opens the command panel with the drawer builtins
[15/116] e2e/agent-identity-chip.spec.ts:99:3 › agent 提及 chip（fixture，#741 缺口 2） › F-E5: 抽屉面 agent 提及 chip 成链并可点击导航（F-R13 同款配方）
[16/116] e2e/chief-composer-tools.spec.ts:339:1 › Esc closes the listbox and the drawer survives (#146 ladder, FM9)
[17/116] e2e/chief-drawer-slash.spec.ts:215:1 › Esc closes the menu and the drawer survives (F5)
[18/116] e2e/agent-identity-chip.spec.ts:111:3 › agent 提及 chip（fixture，#741 缺口 2） › F-E6: 详情页 transcript 面同律（segments 单源的第二消费面）
[19/116] e2e/chief-composer-tools.spec.ts:352:1 › the mention button opens the popover with live group counts and inserts a token (FM1)
[20/116] e2e/chief-fab.spec.ts:24:3 › detail FAB renders only with unread (#443) › unread 0: the detail route renders no FAB
[21/116] e2e/agent-identity-chip.spec.ts:122:3 › agent 提及 chip（fixture，#741 缺口 2） › F-E7: skill/project/machine 提及仍是惰性 span（字面负例）
[22/116] e2e/chief-fab.spec.ts:30:3 › detail FAB renders only with unread (#443) › unread > 0: the FAB renders with the badge value
[23/116] e2e/chief-drawer-model.spec.ts:124:3 › chief drawer model row (#615) › the selected row fill bleeds to the popover edges (#872)
[24/116] e2e/agent-identity-chip.spec.ts:141:3 › 惰性面零变化（#741 负例） › F-E8: 无 agent 投影的 robot 行保 dashed 字形，零 anchor（r5 114 冻结捕获面）
[25/116] e2e/chief-fab.spec.ts:37:3 › detail FAB renders only with unread (#443) › the gated FAB keeps the family geometry (48×48, pane offset, composer 让位)
[26/116] e2e/chief-fab.spec.ts:79:3 › FAB icon follows the bound agent (#444) › bound: the board FAB swaps the glyph for the seeded avatar, badge and geometry stay
[27/116] e2e/chief-panel.spec.ts:53:3 › chief panel docked form (#447) › Esc closes the drawer on the board route
[28/116] e2e/chief-fab.spec.ts:102:3 › FAB icon follows the bound agent (#444) › bound: a ChiefWake family swaps at the shared consumption point
[29/116] e2e/chief-drawer-model.spec.ts:173:3 › chief drawer model row (#615) › the picker search is typeahead-only: absent until a key, retracted on clear (#756)
[30/116] e2e/chief-composer-tools.spec.ts:379:1 › Esc with the popover open closes the popover, not the drawer (FM9)
[31/116] e2e/chief-fab.spec.ts:111:3 › FAB icon follows the bound agent (#444) › avatarUrl override wins over the generated face
[32/116] e2e/chief-fab.spec.ts:119:3 › FAB icon follows the bound agent (#444) › unbound: the static glyph stays, no avatar face
[33/116] e2e/chief-drawer-model.spec.ts:232:3 › chief drawer model row (#615) › the model row carries the runtime mark, not an agent avatar
[34/116] e2e/chief-send-fallback.spec.ts:136:1 › stale slot: send goes out, fallback toast names it, row heals to 默认
[35/116] e2e/chief-panel.spec.ts:61:3 › chief panel docked form (#447) › Esc closes the drawer on a wake surface
[36/116] e2e/chief-drawer-model.spec.ts:250:3 › chief drawer model row (#615) › message copy glyphs are clipboard buttons; no bare inert glyphs remain
[37/116] e2e/chief-send-fallback.spec.ts:168:1 › fresh slot: send goes out with no fallback toast
[38/116] e2e/chief-composer-tools.spec.ts:392:1 › a mid-line image paste lands the token whole-line at the caret (FM6)
[39/116] e2e/chief-settings.spec.ts:29:1 › 返回按钮可用：点击回到总管抽屉 (#811)
[40/116] e2e/chief-composer-tools.spec.ts:418:1 › Enter during the upload does not send; after it lands Enter sends the token inside (FM6/FM10)
[41/116] e2e/chief-drawer-model.spec.ts:277:3 › chief drawer model row (#615) › restore button opens the rewind confirm; the foot chevron discloses tool rows
[42/116] e2e/chief-settings.spec.ts:48:1 › agent row opens the 选择总管 Agent dialog with search + canon default row
[43/116] e2e/chief-composer-tools.spec.ts:535:1 › transcript: mention and attachment tokens in a user row render as chips, never literal (FM7)
[44/116] e2e/chief-panel.spec.ts:72:3 › chief panel docked form (#447) › Esc layers: the open thread switcher closes first, the drawer second
[45/116] e2e/chief-settings.spec.ts:64:1 › agent dialog search keeps its own 16px inset (#872 blast radius)
[46/116] e2e/chief-composer-tools.spec.ts:557:3 › fixture face stays inert (#732 FM3) › the composer is read-only: no listbox, attach inert, picker at zero counts
[47/116] e2e/chief-settings.spec.ts:82:1 › agent dialog family law: X, Escape and backdrop dismiss; panel clicks do not
[48/116] e2e/chief-drawer-model.spec.ts:313:3 › chief drawer model row (#615) › the gear reaches board settings from a wake surface
[49/116] e2e/chief-stream-markdown.spec.ts:222:3 › chief drawer markdown 面（fixture，#650） › F-R1/R2/R3: robot markdown 行走共用块解析——bold/标题/列表/栅栏/chip 全渲染，星号零漏出
[50/116] e2e/chief-stream-markdown.spec.ts:257:3 › chief drawer markdown 面（fixture，#650） › F-R13: todo 提及渲成 chip，锚点指任务详情并可点击导航；字面 #seq/伪 scheme 不出 chip（#675）
[51/116] e2e/chief-panel.spec.ts:86:3 › chief panel docked form (#447) › composer bar carries the attach + mention tools and the send button
[52/116] e2e/chief-panel.spec.ts:100:3 › chief panel docked form (#447) › the panel docks flush right as a full-height 418 column (board)
[53/116] e2e/chief-drawer-model.spec.ts:326:3 › chief drawer model row (#615) › closing the drawer (⌘J) recycles the model popover with it (#773)
[54/116] e2e/chief-stream-markdown.spec.ts:278:3 › chief drawer markdown 面（fixture，#650） › F-R4/R5: typing 打字行无 foot；定稿行 foot（复制 + 完成 44s）保留
[55/116] e2e/chief-panel.spec.ts:135:3 › chief panel docked form (#447) › board content yields to the panel and the columns keep the D8 guard
[56/116] e2e/chief-stream-markdown.spec.ts:294:3 › chief drawer markdown 面（fixture，#650） › F-R6/R8: 用户行头像 = 真人身份 img（XMON-105 单源），抽屉体可滚动
[57/116] e2e/chief-stream-markdown.spec.ts:311:3 › chief drawer markdown 面（fixture，#650） › F-R9: r5 114 冻结捕获面不漂移——段数组行走原 .chief-para/.chief-bullet 路径
[58/116] e2e/chief-panel.spec.ts:156:3 › chief panel docked form (#447) › closing restores the board grid to its resting geometry
[59/116] e2e/chief-stream-markdown.spec.ts:329:3 › chief drawer markdown 面（fixture，#650） › F-R15: fixture 面（r5 113 running 捕获）不长存在行——ChiefStreamItem 新 kind 零污染
[60/116] e2e/chief-settings.spec.ts:100:1 › agent dialog search filters the list; no match shows the empty row
[61/116] e2e/chief-stream-markdown.spec.ts:346:3 › chief drawer 流式面（live mock，#651） › F-R7/R10/R11: text_delta 增量上屏，message 终稿收敛不重复不残留
[62/116] e2e/chief-settings.spec.ts:109:1 › fixture agent pick closes the dialog (accept 律)
[63/116] e2e/dialog-viewport.spec.ts:47:1 › provider: 3 模型行把 body 撑溢,submit 钉底且滚动不位移
[64/116] e2e/chief-stream-markdown.spec.ts:396:3 › chief drawer 流式面（live mock，#651） › F-R12: 双行去重（#667）——同文 POST + user-<stepId> 回声恰一个用户气泡；连发不同文各一条
[65/116] e2e/chief-stream-markdown.spec.ts:430:3 › chief drawer 流式面（live mock，#651） › F-R14: 在飞存在行（#739）——静默窗口挂 streaming 行，首 delta 收敛为 typing，终稿两行皆退场
[66/116] e2e/dialog-viewport.spec.ts:76:1 › secret: 静态表单面 submit 在视口
[67/116] e2e/chief-panel.spec.ts:189:5 › chief panel docked form (#447) › pages: the main column narrows by 418 while docked and restores on close
[68/116] e2e/chief-stream-markdown.spec.ts:479:3 › chief drawer 流式面（live mock，#651） › F-R16: 轮中事件不闪清（#857）——工具行/文本行事件后重取在飞时打字面保留，收敛后落库行接管
[69/116] e2e/chief-settings.spec.ts:123:1 › charter 编辑 opens the DialogShell editor with the r5 captured fields
[70/116] e2e/dialog-viewport.spec.ts:86:1 › machine: disclosure 展开(最高内容态)底部链接在视口
[71/116] e2e/chief-stream-markdown.spec.ts:531:3 › chief drawer 流式面（live mock，#651） › F-R18: 在飞存在行可展开（#822）——点箭头看实时步骤，typing 接管不泄漏
[72/116] e2e/chief-settings.spec.ts:135:1 › charter dialog family law: X, Escape, 取消 and backdrop dismiss
[73/116] e2e/dialog-viewport.spec.ts:98:1 › create-agent: submit 在视口
[74/116] e2e/dialog-viewport.spec.ts:107:1 › charter: 取消/保存章程在视口
[75/116] e2e/chief-stream-markdown.spec.ts:610:3 › chief drawer 流式面（live mock，#651） › F-R15: robot 行身份 chip（live 面，#741）——头像+名字 anchor，点击全链进 Agent 设置页
[76/116] e2e/dialog-viewport.spec.ts:118:1 › chief-agent 列表态(无按钮读面)面板整体不越视口
[77/116] e2e/chief-panel.spec.ts:189:5 › chief panel docked form (#447) › resources: the main column narrows by 418 while docked and restores on close
[78/116] e2e/dialog-viewport.spec.ts:129:1 › branch sync tab: 视口压过内容高,同步钮钉底,body 溢出;git tab 正常
[79/116] e2e/chief-stream-markdown.spec.ts:664:3 › chief drawer 用户气泡 markdown 面（live mock，#742） › F-R14: 用户气泡走同源解析——todo chip 成锚可点导航、bold 成 strong、负例保持字面
[80/116] e2e/dialog-viewport.spec.ts:149:1 › accept(34): 取消/完成在视口
[81/116] e2e/segmented-controls.spec.ts:38:1 › page-tab: unselected hover tints the chip — dark + light
[82/116] e2e/chief-stream-markdown.spec.ts:691:3 › chief drawer 用户气泡 markdown 面（live mock，#742） › F-R15: 复制载荷 = markdown 原文（不是渲染结果）；两钮行（复制/恢复）不受影响
[83/116] e2e/chief-panel.spec.ts:189:5 › chief panel docked form (#447) › secondary: the main column narrows by 418 while docked and restores on close
[84/116] e2e/chief-settings.spec.ts:155:1 › fixture charter save closes the dialog (accept 律)
[85/116] e2e/segmented-controls.spec.ts:52:1 › page-tab: selected chip keeps its fill under hover, same geometry as the hover tint
[86/116] e2e/chief-stream-markdown.spec.ts:706:3 › chief drawer 用户气泡 markdown 面（live mock，#742） › F-R16: 单行纯文本气泡几何不漂移（44px 药丸）；多块气泡首/尾块 margin 修剪生效
[87/116] e2e/chief-stream-markdown.spec.ts:731:3 › chief drawer 用户气泡 markdown 面（live mock，#742） › F-R17: fixture 捕获面用户气泡零漂移——无槽走字面路径（无 --md 类、无 chat-md 块）
[88/116] e2e/chief-settings.spec.ts:179:1 › 压缩模型 interactive (#204): button opens the anchored model menu
[89/116] e2e/segmented-controls.spec.ts:89:1 › page-tab group rides the official hairline ring (r2 24b/24c probe)
[90/116] e2e/chief-settings.spec.ts:197:1 › 压缩模型 selected row fill bleeds to the menu edges (#872)
[91/116] e2e/segmented-controls.spec.ts:112:1 › page-tab click swaps the active chip and the pane
[92/116] e2e/chief-panel.spec.ts:218:3 › chief panel docked form (#447) › detail: the panel occupies the right-pane slot, mutually exclusive (D7)
[93/116] e2e/segmented-controls.spec.ts:125:1 › sched freq: dark active chip reads against the container, hover tints the rest
[94/116] e2e/chief-settings.spec.ts:271:1 › 压缩模型 search is typeahead-only, same contract as the drawer picker (#756 续)
[95/116] e2e/chief-settings.spec.ts:300:1 › 压缩模型 menu family law (#204): Escape and outside click dismiss
[96/116] e2e/chief-settings.spec.ts:310:1 › 压缩模型 fixture pick = accept 律:选择即关 (#204)
[97/116] e2e/segmented-controls.spec.ts:146:1 › files seg + tasks view toggle: hover tints the unselected (dark)
[98/116] e2e/chief-panel.spec.ts:245:3 › chief panel docked form (#447) › hero examples: the four canon prompt cards, inert on the fixture face
[99/116] e2e/chief-settings.spec.ts:321:3 › 压缩模型 long value truncates, full name on title (dark, #772)
[100/116] e2e/segmented-controls.spec.ts:158:1 › user-menu 外观 seg: hover tints, click switches the theme
[101/116] e2e/chief-panel.spec.ts:266:3 › chief panel docked form (#447) › composer keeps one fixed size whether or not a draft is restored (XMON-102)
[102/116] e2e/chief-settings.spec.ts:321:3 › 压缩模型 long value truncates, full name on title (light, #772)
[103/116] e2e/chief-settings.spec.ts:341:1 › 空态卡 centered and growth-proof: memo matches watches (#772)
[104/116] e2e/segmented-controls.spec.ts:174:1 › branch-dialog seg: hover tints Git, click swaps the tab body
[105/116] e2e/chief-settings.spec.ts:373:1 › 压缩模型 stale preset value (#358): 裸串兜底回显 + 菜单无选中行
[106/116] e2e/chief-panel.spec.ts:299:3 › chief panel docked form (#447) › composer placeholder switches to the steer canon while a turn runs (#624)
[107/116] e2e/chief-settings.spec.ts:415:1 › 机器槽在位:Agent tab 有「机器」标题 + 描述 + chip(值 null = 自动)
[108/116] e2e/chief-panel.spec.ts:319:3 › chief panel docked form (#447) › the open state does not persist across a reload (D9)
[109/116] e2e/segmented-controls.spec.ts:190:1 › team layout toggle: official ring border + hover tint + chip token
[110/116] e2e/chief-settings.spec.ts:428:1 › 机器 chip 开 popover:「自动」行 + 机器行 + listbox 语义 + 选中态
[111/116] e2e/chief-settings.spec.ts:446:1 › 机器 popover family law: Escape / outside click dismiss
[112/116] e2e/segmented-controls.spec.ts:210:1 › chief tabs: hover tints, click swaps the view
[113/116] e2e/segmented-controls.spec.ts:228:1 › chief tabs: indicator pill slides between chips — 150ms ease on left/top/width/height
[114/116] e2e/chief-settings.spec.ts:456:1 › 机器 chip fixture pick = accept 律:选择即关 + 回显不变(无 mutation)
[115/116] e2e/segmented-controls.spec.ts:310:1 › chief tabs: reduced motion freezes the pill slide (#644)
[116/116] e2e/chief-settings.spec.ts:464:1 › 机器槽默认面(101):无 resources → 清单仅「自动」行且选中
  116 passed (18.2s)
