vite v8.3.0 building client environment for fixture...
transforming...
✓ 2785 modules transformed.
rendering chunks...
computing gzip size...
dist/index.html                     1.73 kB │ gzip:   0.77 kB
dist/assets/index-BjfWEdwu.css    142.62 kB │ gzip:  24.42 kB
dist/assets/index-Ci70DEJG.js   1,335.12 kB │ gzip: 405.47 kB

[plugin builtin:vite-reporter] 
(!) Some chunks are larger than 500 kB after minification. Consider:
- Using dynamic import() to code-split the application
- Use build.rolldownOptions.output.codeSplitting to improve chunking: https://rolldown.rs/reference/OutputOptions.codeSplitting
- Adjust chunk size limit for this warning via build.chunkSizeWarningLimit.
✓ built in 753ms
  ➜  Local:   http://127.0.0.1:8397/

Running 91 tests using 4 workers

[1/91] e2e/chief-fab.spec.ts:24:3 › detail FAB renders only with unread (#443) › unread 0: the detail route renders no FAB
[2/91] e2e/chief-drawer-model.spec.ts:31:3 › chief drawer model row (#615) › the model row is a control that opens the anchored model popover
[3/91] e2e/chief-composer-tools.spec.ts:264:1 › trigger: @ opens the inline listbox inside the drawer; arrows + Enter insert the token (FM1)
[4/91] e2e/chief-drawer-slash.spec.ts:126:1 › trigger: `/` opens builtins plus skills, review/stop hidden (F2)
[5/91] e2e/chief-fab.spec.ts:30:3 › detail FAB renders only with unread (#443) › unread > 0: the FAB renders with the badge value
[6/91] e2e/chief-composer-tools.spec.ts:293:1 › mouse: hover highlights and the row click inserts without stealing focus (FM2)
[7/91] e2e/chief-drawer-slash.spec.ts:148:1 › `/clear` runs without sending and toasts confirmation (F1)
[8/91] e2e/chief-drawer-model.spec.ts:70:3 › chief drawer model row (#615) › the selected model row is readable in both themes (#751 A)
[9/91] e2e/chief-drawer-slash.spec.ts:167:1 › Tab completes without running; Enter without highlight sends (F4)
[10/91] e2e/chief-composer-tools.spec.ts:311:1 › geometry: the listbox anchors above the composer wrap inside the drawer (FM2)
[11/91] e2e/chief-drawer-slash.spec.ts:182:1 › mid-prompt accept inserts literal text, never runs (F3)
[12/91] e2e/chief-drawer-slash.spec.ts:194:1 › /help opens the command panel with the drawer builtins
[13/91] e2e/chief-composer-tools.spec.ts:339:1 › Esc closes the listbox and the drawer survives (#146 ladder, FM9)
[14/91] e2e/chief-drawer-slash.spec.ts:215:1 › Esc closes the menu and the drawer survives (F5)
[15/91] e2e/chief-composer-tools.spec.ts:352:1 › the mention button opens the popover with live group counts and inserts a token (FM1)
[16/91] e2e/chief-drawer-model.spec.ts:124:3 › chief drawer model row (#615) › the selected row fill bleeds to the popover edges (#872)
[17/91] e2e/chief-panel.spec.ts:53:3 › chief panel docked form (#447) › Esc closes the drawer on the board route
[18/91] e2e/chief-drawer-model.spec.ts:173:3 › chief drawer model row (#615) › the picker search is typeahead-only: absent until a key, retracted on clear (#756)
[19/91] e2e/chief-composer-tools.spec.ts:379:1 › Esc with the popover open closes the popover, not the drawer (FM9)
[20/91] e2e/chief-drawer-model.spec.ts:232:3 › chief drawer model row (#615) › the model row carries the runtime mark, not an agent avatar
[21/91] e2e/chief-drawer-model.spec.ts:250:3 › chief drawer model row (#615) › message copy glyphs are clipboard buttons; no bare inert glyphs remain
[22/91] e2e/chief-composer-tools.spec.ts:392:1 › a mid-line image paste lands the token whole-line at the caret (FM6)
[23/91] e2e/chief-drawer-model.spec.ts:277:3 › chief drawer model row (#615) › restore button opens the rewind confirm; the foot chevron discloses tool rows
[24/91] e2e/chief-composer-tools.spec.ts:418:1 › Enter during the upload does not send; after it lands Enter sends the token inside (FM6/FM10)
[25/91] e2e/chief-composer-tools.spec.ts:535:1 › transcript: mention and attachment tokens in a user row render as chips, never literal (FM7)
[26/91] e2e/chief-composer-tools.spec.ts:557:3 › fixture face stays inert (#732 FM3) › the composer is read-only: no listbox, attach inert, picker at zero counts
[27/91] e2e/chief-drawer-model.spec.ts:313:3 › chief drawer model row (#615) › the gear reaches board settings from a wake surface
[28/91] e2e/chief-send-fallback.spec.ts:136:1 › stale slot: send goes out, fallback toast names it, row heals to 默认
  1) e2e/chief-fab.spec.ts:30:3 › detail FAB renders only with unread (#443) › unread > 0: the FAB renders with the badge value 

    Error: expect(locator).toBeVisible() failed

    Locator: locator('.detail-fab')
    Expected: visible
    Timeout: 5000ms
    Error: element(s) not found

    Call log:
      - Expect "toBeVisible" locator('.detail-fab') with timeout 5000ms
      - waiting for locator('.detail-fab')


      31 |     await page.goto(`${DETAIL}?scenario=detail-unread`);
      32 |     const fab = page.locator('.detail-fab');
    > 33 |     await expect(fab).toBeVisible();
         |                       ^
      34 |     await expect(fab.locator('.fab-badge')).toHaveText('3');
      35 |   });
      36 |
        at /Users/xmon/.herdr/worktrees/pacman/hp-pacman-t-0239-1-l6-chief-1009/apps/web/e2e/chief-fab.spec.ts:33:23

    Error Context: test-results/chief-fab-detail-FAB-rende-35011-enders-with-the-badge-value/error-context.md


[29/91] e2e/chief-send-fallback.spec.ts:168:1 › fresh slot: send goes out with no fallback toast
[30/91] e2e/chief-drawer-model.spec.ts:326:3 › chief drawer model row (#615) › closing the drawer (⌘J) recycles the model popover with it (#773)
[31/91] e2e/chief-fab.spec.ts:37:3 › detail FAB renders only with unread (#443) › the gated FAB keeps the family geometry (48×48, pane offset, composer 让位)
[32/91] e2e/chief-settings.spec.ts:29:1 › 返回按钮可用：点击回到总管抽屉 (#811)
[33/91] e2e/chief-settings.spec.ts:48:1 › agent row opens the 选择总管 Agent dialog with search + canon default row
[34/91] e2e/chief-settings.spec.ts:64:1 › agent dialog search keeps its own 16px inset (#872 blast radius)
[35/91] e2e/chief-settings.spec.ts:82:1 › agent dialog family law: X, Escape and backdrop dismiss; panel clicks do not
  2) e2e/chief-panel.spec.ts:53:3 › chief panel docked form (#447) › Esc closes the drawer on the board route 

    Error: expect(locator).toBeHidden() failed

    Locator:  locator('.chief-drawer')
    Expected: hidden
    Received: visible
    Timeout:  5000ms

    Call log:
      - Expect "toBeHidden" locator('.chief-drawer') with timeout 5000ms
      - waiting for locator('.chief-drawer')
        14 × locator resolved to <aside id="_r_d_" data-open="" role="dialog" tabindex="-1" aria-label="总管" data-base-ui-focusable="" class="chief-drawer fixed right-2 bottom-2 z-(--z-floating) flex h-[600px] max-h-[calc(100dvh-1rem)] w-[380px] max-w-[calc(100dvw-1rem)] flex-col overflow-hidden rounded-[12px] bg-(--card) shadow-[var(--edge-ring),var(--floating-shadow)] origin-bottom-right duration-(--dur-overlay) data-open:animate-in data-open:fade-in-0 data-open:zoom-in-95 data-closed:animate-out data-closed:fade-out-0 data-closed:…>…</aside>
           - unexpected value "visible"


      56 |
      57 |     await page.keyboard.press('Escape');
    > 58 |     await expect(drawer(page)).toBeHidden();
         |                                ^
      59 |   });
      60 |
      61 |   test('Esc closes the drawer on a wake surface', async ({ page }) => {
        at /Users/xmon/.herdr/worktrees/pacman/hp-pacman-t-0239-1-l6-chief-1009/apps/web/e2e/chief-panel.spec.ts:58:32

    Error Context: test-results/chief-panel-chief-panel-do-d51de-e-drawer-on-the-board-route/error-context.md


[36/91] e2e/chief-panel.spec.ts:61:3 › chief panel docked form (#447) › Esc closes the drawer on a wake surface
[37/91] e2e/chief-settings.spec.ts:100:1 › agent dialog search filters the list; no match shows the empty row
[38/91] e2e/chief-settings.spec.ts:109:1 › fixture agent pick closes the dialog (accept 律)
[39/91] e2e/chief-settings.spec.ts:123:1 › charter 编辑 opens the DialogShell editor with the r5 captured fields
[40/91] e2e/chief-settings.spec.ts:135:1 › charter dialog family law: X, Escape, 取消 and backdrop dismiss
  3) e2e/chief-drawer-model.spec.ts:326:3 › chief drawer model row (#615) › closing the drawer (⌘J) recycles the model popover with it (#773) 

    Error: expect(locator).toHaveCount(expected) failed

    Locator:  locator('.chief-drawer')
    Expected: 0
    Received: 1
    Timeout:  5000ms

    Call log:
      - Expect "toHaveCount" locator('.chief-drawer') with timeout 5000ms
      - waiting for locator('.chief-drawer')
        14 × locator resolved to 1 element
           - unexpected value "1"


      335 |     // ⌘J 收起抽屉：弹层跟随回收（X/⌘J 同走 open=false，见 chief-drawer）
      336 |     await page.keyboard.press('Meta+j');
    > 337 |     await expect(drawer(page)).toHaveCount(0);
          |                                ^
      338 |     await expect(menu).toHaveCount(0);
      339 |
      340 |     // 再按 ⌘J 重开：弹层不带回 stale open 态
        at /Users/xmon/.herdr/worktrees/pacman/hp-pacman-t-0239-1-l6-chief-1009/apps/web/e2e/chief-drawer-model.spec.ts:337:32

    Error Context: test-results/chief-drawer-model-chief-d-a1849--model-popover-with-it-773-/error-context.md


[41/91] e2e/chief-stream-markdown.spec.ts:234:3 › chief drawer markdown 面（fixture，#650） › F-R1/R2/R3: robot markdown 行走共用块解析——bold/标题/列表/栅栏/chip 全渲染，星号零漏出
[42/91] e2e/chief-stream-markdown.spec.ts:269:3 › chief drawer markdown 面（fixture，#650） › F-R13: todo 提及渲成 chip，锚点指任务详情并可点击导航；字面 #seq/伪 scheme 不出 chip（#675）
[43/91] e2e/chief-stream-markdown.spec.ts:290:3 › chief drawer markdown 面（fixture，#650） › F-R4/R5: typing 打字行无 foot；定稿行 foot（复制 + 完成 44s）保留
[44/91] e2e/chief-settings.spec.ts:155:1 › fixture charter save closes the dialog (accept 律)
[45/91] e2e/chief-stream-markdown.spec.ts:306:3 › chief drawer markdown 面（fixture，#650） › F-R6/R8: 用户行头像 = 真人身份 img（XMON-105 单源），抽屉体可滚动
[46/91] e2e/chief-stream-markdown.spec.ts:323:3 › chief drawer markdown 面（fixture，#650） › F-R9: r5 114 冻结捕获面不漂移——段数组行走原 .chief-para/.chief-bullet 路径
[47/91] e2e/chief-stream-markdown.spec.ts:341:3 › chief drawer markdown 面（fixture，#650） › F-R15: fixture 面（r5 113 running 捕获）不长存在行——ChiefStreamItem 新 kind 零污染
[48/91] e2e/chief-settings.spec.ts:179:1 › 压缩模型 interactive (#204): button opens the anchored model menu
  4) e2e/chief-panel.spec.ts:61:3 › chief panel docked form (#447) › Esc closes the drawer on a wake surface 

    Error: expect(locator).toHaveCount(expected) failed

    Locator:  locator('.chief-drawer')
    Expected: 0
    Received: 1
    Timeout:  5000ms

    Call log:
      - Expect "toHaveCount" locator('.chief-drawer') with timeout 5000ms
      - waiting for locator('.chief-drawer')
        14 × locator resolved to 1 element
           - unexpected value "1"


      61 |   test('Esc closes the drawer on a wake surface', async ({ page }) => {
      62 |     await page.goto('/app/team?scenario=12');
    > 63 |     await expect(drawer(page)).toHaveCount(0);
         |                                ^
      64 |
      65 |     await page.locator('button[aria-label="总管"]').click();
      66 |     await expect(drawer(page)).toBeVisible();
        at /Users/xmon/.herdr/worktrees/pacman/hp-pacman-t-0239-1-l6-chief-1009/apps/web/e2e/chief-panel.spec.ts:63:32

    Error Context: test-results/chief-panel-chief-panel-do-1c79f-he-drawer-on-a-wake-surface/error-context.md


[49/91] e2e/chief-stream-markdown.spec.ts:358:3 › chief drawer 流式面（live mock，#651） › F-R7/R10/R11: text_delta 增量上屏，message 终稿收敛不重复不残留
[50/91] e2e/chief-settings.spec.ts:197:1 › 压缩模型 selected row fill bleeds to the menu edges (#872)
[51/91] e2e/chief-panel.spec.ts:72:3 › chief panel docked form (#447) › Esc layers: the open thread switcher closes first, the drawer second
[52/91] e2e/chief-stream-markdown.spec.ts:408:3 › chief drawer 流式面（live mock，#651） › F-R12: 双行去重（#667）——同文 POST + user-<stepId> 回声恰一个用户气泡；连发不同文各一条
[53/91] e2e/chief-stream-markdown.spec.ts:442:3 › chief drawer 流式面（live mock，#651） › F-R14: 在飞存在行（#739）——静默窗口挂 streaming 行，首 delta 收敛为 typing，终稿两行皆退场
[54/91] e2e/chief-settings.spec.ts:271:1 › 压缩模型 search is typeahead-only, same contract as the drawer picker (#756 续)
[55/91] e2e/chief-stream-markdown.spec.ts:491:3 › chief drawer 流式面（live mock，#651） › F-R16: 轮中事件不闪清（#857）——工具行/文本行事件后重取在飞时打字面保留，收敛后落库行接管
[56/91] e2e/chief-settings.spec.ts:300:1 › 压缩模型 menu family law (#204): Escape and outside click dismiss
[57/91] e2e/chief-stream-markdown.spec.ts:543:3 › chief drawer 流式面（live mock，#651） › F-R18: 在飞存在行可展开（#822）——点箭头看实时步骤，typing 接管不泄漏
  5) e2e/chief-stream-markdown.spec.ts:543:3 › chief drawer 流式面（live mock，#651） › F-R18: 在飞存在行可展开（#822）——点箭头看实时步骤，typing 接管不泄漏 

    Error: expect(received).toBe(expected) // Object.is equality

    Expected: 24
    Received: 22.88519287109375

       at probe-dump-instrument.mjs:194

      192 |     let result;
      193 |     try {
    > 194 |       result = orig.apply(thisArg, margs);
          |                     ^
      195 |     } catch (err) {
      196 |       write({ ...rec, r: 'fail' });
      197 |       throw err;
        at recordMatcher (/Users/xmon/.herdr/worktrees/pacman/hp-pacman-t-0239-1-l6-chief-1009/apps/web/e2e/probe-dump-instrument.mjs:194:21)
        at Proxy.toBe (/Users/xmon/.herdr/worktrees/pacman/hp-pacman-t-0239-1-l6-chief-1009/apps/web/e2e/probe-dump-instrument.mjs:174:30)
        at /Users/xmon/.herdr/worktrees/pacman/hp-pacman-t-0239-1-l6-chief-1009/apps/web/e2e/chief-stream-markdown.spec.ts:582:25

    Error Context: test-results/chief-stream-markdown-chie-dbd9e-822）——点箭头看实时步骤，typing-接管不泄漏/error-context.md


[58/91] e2e/chief-stream-markdown.spec.ts:622:3 › chief drawer 流式面（live mock，#651） › F-R15: robot 行身份 chip（live 面，#741）——头像+名字 anchor，点击全链进 Agent 设置页
[59/91] e2e/chief-settings.spec.ts:310:1 › 压缩模型 fixture pick = accept 律:选择即关 (#204)
[60/91] e2e/chief-settings.spec.ts:321:3 › 压缩模型 long value truncates, full name on title (dark, #772)
[61/91] e2e/chief-stream-markdown.spec.ts:676:3 › chief drawer 用户气泡 markdown 面（live mock，#742） › F-R14: 用户气泡走同源解析——todo chip 成锚可点导航、bold 成 strong、负例保持字面
[62/91] e2e/chief-settings.spec.ts:321:3 › 压缩模型 long value truncates, full name on title (light, #772)
[63/91] e2e/chief-settings.spec.ts:341:1 › 空态卡 centered and growth-proof: memo matches watches (#772)
[64/91] e2e/chief-stream-markdown.spec.ts:703:3 › chief drawer 用户气泡 markdown 面（live mock，#742） › F-R15: 复制载荷 = markdown 原文（不是渲染结果）；两钮行（复制/恢复）不受影响
[65/91] e2e/chief-settings.spec.ts:373:1 › 压缩模型 stale preset value (#358): 裸串兜底回显 + 菜单无选中行
[66/91] e2e/chief-stream-markdown.spec.ts:718:3 › chief drawer 用户气泡 markdown 面（live mock，#742） › F-R16: 单行纯文本气泡几何不漂移（44px 药丸）；多块气泡首/尾块 margin 修剪生效
[67/91] e2e/chief-settings.spec.ts:415:1 › 机器槽在位:Agent tab 有「机器」标题 + 描述 + chip(值 null = 自动)
  6) e2e/chief-stream-markdown.spec.ts:718:3 › chief drawer 用户气泡 markdown 面（live mock，#742） › F-R16: 单行纯文本气泡几何不漂移（44px 药丸）；多块气泡首/尾块 margin 修剪生效 

    Error: expect(received).toBe(expected) // Object.is equality

    Expected: 44
    Received: 42

       at probe-dump-instrument.mjs:194

      192 |     let result;
      193 |     try {
    > 194 |       result = orig.apply(thisArg, margs);
          |                     ^
      195 |     } catch (err) {
      196 |       write({ ...rec, r: 'fail' });
      197 |       throw err;
        at recordMatcher (/Users/xmon/.herdr/worktrees/pacman/hp-pacman-t-0239-1-l6-chief-1009/apps/web/e2e/probe-dump-instrument.mjs:194:21)
        at Proxy.toBe (/Users/xmon/.herdr/worktrees/pacman/hp-pacman-t-0239-1-l6-chief-1009/apps/web/e2e/probe-dump-instrument.mjs:174:30)
        at /Users/xmon/.herdr/worktrees/pacman/hp-pacman-t-0239-1-l6-chief-1009/apps/web/e2e/chief-stream-markdown.spec.ts:728:19

    Error Context: test-results/chief-stream-markdown-chie-46da8-px-药丸）；多块气泡首-尾块-margin-修剪生效/error-context.md


[68/91] e2e/chief-settings.spec.ts:428:1 › 机器 chip 开 popover:「自动」行 + 机器行 + listbox 语义 + 选中态
[69/91] e2e/chief-stream-markdown.spec.ts:743:3 › chief drawer 用户气泡 markdown 面（live mock，#742） › F-R17: fixture 捕获面用户气泡零漂移——无槽走字面路径（无 --md 类、无 chat-md 块）
[70/91] e2e/chief-settings.spec.ts:446:1 › 机器 popover family law: Escape / outside click dismiss
[71/91] e2e/chief-stream-markdown.spec.ts:757:3 › chief drawer 用户气泡 markdown 面（live mock，#742） › F-R19: 段行投影（#955）——思考行单列、在飞工具行平铺并挂真实秒数
[72/91] e2e/chief-settings.spec.ts:456:1 › 机器 chip fixture pick = accept 律:选择即关 + 回显不变(无 mutation)
[73/91] e2e/chief-stream-markdown.spec.ts:853:3 › chief drawer 用户气泡 markdown 面（live mock，#742） › F-R20: 在飞工具行带出具体命令（不是裸工具名）
[74/91] e2e/chief-stream-markdown.spec.ts:886:3 › chief drawer 用户气泡 markdown 面（live mock，#742） › F-R21: 段序契约（#1003 / ADR 0011 premortem）——文本段在前、其工具行在后、各恰一次；收口后工具折进后随段
[75/91] e2e/chief-settings.spec.ts:464:1 › 机器槽默认面(101):无 resources → 清单仅「自动」行且选中
  7) e2e/chief-panel.spec.ts:72:3 › chief panel docked form (#447) › Esc layers: the open thread switcher closes first, the drawer second 

    Error: expect(locator).toBeHidden() failed

    Locator:  locator('.chief-drawer')
    Expected: hidden
    Received: visible
    Timeout:  5000ms

    Call log:
      - Expect "toBeHidden" locator('.chief-drawer') with timeout 5000ms
      - waiting for locator('.chief-drawer')
        14 × locator resolved to <aside id="_r_d_" data-open="" role="dialog" tabindex="-1" aria-label="总管" data-base-ui-focusable="" class="chief-drawer fixed right-2 bottom-2 z-(--z-floating) flex h-[600px] max-h-[calc(100dvh-1rem)] w-[380px] max-w-[calc(100dvw-1rem)] flex-col overflow-hidden rounded-[12px] bg-(--card) shadow-[var(--edge-ring),var(--floating-shadow)] origin-bottom-right duration-(--dur-overlay) data-open:animate-in data-open:fade-in-0 data-open:zoom-in-95 data-closed:animate-out data-closed:fade-out-0 data-closed:…>…</aside>
           - unexpected value "visible"


      81 |
      82 |     await page.keyboard.press('Escape');
    > 83 |     await expect(drawer(page)).toBeHidden();
         |                                ^
      84 |   });
      85 |
      86 |   test('composer bar carries the attach + mention tools and the send button', async ({ page }) => {
        at /Users/xmon/.herdr/worktrees/pacman/hp-pacman-t-0239-1-l6-chief-1009/apps/web/e2e/chief-panel.spec.ts:83:32

    Error Context: test-results/chief-panel-chief-panel-do-40ffa-ses-first-the-drawer-second/error-context.md


[76/91] e2e/chief-panel.spec.ts:86:3 › chief panel docked form (#447) › composer bar carries the attach + mention tools and the send button
[77/91] e2e/chief-panel.spec.ts:100:3 › chief panel docked form (#447) › the panel docks flush right as a full-height 418 column (board)
  8) e2e/chief-panel.spec.ts:100:3 › chief panel docked form (#447) › the panel docks flush right as a full-height 418 column (board) 

    Error: expect(received).toBeCloseTo(expected, precision)

    Expected: 1022
    Received: 1052

    Expected precision:    0
    Expected difference: < 0.5
    Received difference:   30

       at probe-dump-instrument.mjs:194

      192 |     let result;
      193 |     try {
    > 194 |       result = orig.apply(thisArg, margs);
          |                     ^
      195 |     } catch (err) {
      196 |       write({ ...rec, r: 'fail' });
      197 |       throw err;
        at recordMatcher (/Users/xmon/.herdr/worktrees/pacman/hp-pacman-t-0239-1-l6-chief-1009/apps/web/e2e/probe-dump-instrument.mjs:194:21)
        at Proxy.toBeCloseTo (/Users/xmon/.herdr/worktrees/pacman/hp-pacman-t-0239-1-l6-chief-1009/apps/web/e2e/probe-dump-instrument.mjs:174:30)
        at /Users/xmon/.herdr/worktrees/pacman/hp-pacman-t-0239-1-l6-chief-1009/apps/web/e2e/chief-panel.spec.ts:105:20

    Error Context: test-results/chief-panel-chief-panel-do-aa558-ll-height-418-column-board-/error-context.md


[78/91] e2e/chief-panel.spec.ts:135:3 › chief panel docked form (#447) › board content yields to the panel and the columns keep the D8 guard
  9) e2e/chief-panel.spec.ts:135:3 › chief panel docked form (#447) › board content yields to the panel and the columns keep the D8 guard 

    Error: expect(received).toBeCloseTo(expected, precision)

    Expected: 782
    Received: 1200

    Expected precision:    0
    Expected difference: < 0.5
    Received difference:   418

       at probe-dump-instrument.mjs:194

      192 |     let result;
      193 |     try {
    > 194 |       result = orig.apply(thisArg, margs);
          |                     ^
      195 |     } catch (err) {
      196 |       write({ ...rec, r: 'fail' });
      197 |       throw err;
        at recordMatcher (/Users/xmon/.herdr/worktrees/pacman/hp-pacman-t-0239-1-l6-chief-1009/apps/web/e2e/probe-dump-instrument.mjs:194:21)
        at Proxy.toBeCloseTo (/Users/xmon/.herdr/worktrees/pacman/hp-pacman-t-0239-1-l6-chief-1009/apps/web/e2e/probe-dump-instrument.mjs:174:30)
        at /Users/xmon/.herdr/worktrees/pacman/hp-pacman-t-0239-1-l6-chief-1009/apps/web/e2e/chief-panel.spec.ts:142:25

    Error Context: test-results/chief-panel-chief-panel-do-549a0-e-columns-keep-the-D8-guard/error-context.md


[79/91] e2e/chief-panel.spec.ts:157:3 › chief panel docked form (#447) › closing restores the board grid to its resting geometry
  10) e2e/chief-panel.spec.ts:157:3 › chief panel docked form (#447) › closing restores the board grid to its resting geometry 

    Error: expect(locator).toHaveCount(expected) failed

    Locator:  locator('.chief-drawer')
    Expected: 0
    Received: 1
    Timeout:  5000ms

    Call log:
      - Expect "toHaveCount" locator('.chief-drawer') with timeout 5000ms
      - waiting for locator('.chief-drawer')
        14 × locator resolved to 1 element
           - unexpected value "1"


      159 |     await settled(page);
      160 |     await page.keyboard.press('Escape');
    > 161 |     await expect(drawer(page)).toHaveCount(0);
          |                                ^
      162 |
      163 |     const main = await page.locator('.board-main').boundingBox();
      164 |     expect(main!.width).toBeCloseTo(1440 - 240, 0);
        at /Users/xmon/.herdr/worktrees/pacman/hp-pacman-t-0239-1-l6-chief-1009/apps/web/e2e/chief-panel.spec.ts:161:32

    Error Context: test-results/chief-panel-chief-panel-do-59705-rid-to-its-resting-geometry/error-context.md


[80/91] e2e/chief-panel.spec.ts:190:5 › chief panel docked form (#447) › pages: the main column narrows by 418 while docked and restores on close
  11) e2e/chief-fab.spec.ts:37:3 › detail FAB renders only with unread (#443) › the gated FAB keeps the family geometry (48×48, pane offset, composer 让位) 

    Test timeout of 30000ms exceeded.

    Error: locator.evaluate: Test timeout of 30000ms exceeded.
    Call log:
      - waiting for locator('.detail-fab')


       at probe-dump-instrument.mjs:256

      254 |         state.evaluateDepth += 1;
      255 |         try {
    > 256 |           return await orig.call(this, fn, arg);
          |                             ^
      257 |         } finally {
      258 |           state.evaluateDepth -= 1;
      259 |         }
        at run (/Users/xmon/.herdr/worktrees/pacman/hp-pacman-t-0239-1-l6-chief-1009/apps/web/e2e/probe-dump-instrument.mjs:256:29)
        at _Locator.evaluate (/Users/xmon/.herdr/worktrees/pacman/hp-pacman-t-0239-1-l6-chief-1009/apps/web/e2e/probe-dump-instrument.mjs:261:17)
        at /Users/xmon/.herdr/worktrees/pacman/hp-pacman-t-0239-1-l6-chief-1009/apps/web/e2e/chief-fab.spec.ts:41:56

    Error Context: test-results/chief-fab-detail-FAB-rende-54abd-48-pane-offset-composer-让位-/error-context.md


[81/91] e2e/chief-fab.spec.ts:79:3 › FAB icon follows the bound agent (#444) › bound: the board FAB swaps the glyph for the seeded avatar, badge and geometry stay
  12) e2e/chief-fab.spec.ts:79:3 › FAB icon follows the bound agent (#444) › bound: the board FAB swaps the glyph for the seeded avatar, badge and geometry stay 

    Error: expect(locator).toHaveAttribute(expected) failed

    Locator: getByRole('button', { name: '总管', exact: true }).locator('img')
    Expected: "https://api.dicebear.com/9.x/lorelei/svg?seed=r3-builder"
    Timeout: 5000ms
    Error: element(s) not found

    Call log:
      - Expect "toHaveAttribute" getByRole('button', { name: '总管', exact: true }).locator('img') with timeout 5000ms
      - waiting for getByRole('button', { name: '总管', exact: true }).locator('img')


      86 |     const fab = page.getByRole('button', { name: '总管', exact: true });
      87 |     const img = fab.locator('img');
    > 88 |     await expect(img).toHaveAttribute('src', R3_SRC);
         |                       ^
      89 |     await expect(fab.locator('svg')).toHaveCount(0);
      90 |     await expect(fab.locator('.fab-badge')).toHaveText('2');
      91 |     // 头像铺满 48×48 圆（board 面无边框），FAB 几何不动
        at /Users/xmon/.herdr/worktrees/pacman/hp-pacman-t-0239-1-l6-chief-1009/apps/web/e2e/chief-fab.spec.ts:88:23

    Error Context: test-results/chief-fab-FAB-icon-follows-bd83f-tar-badge-and-geometry-stay/error-context.md


[82/91] e2e/chief-fab.spec.ts:102:3 › FAB icon follows the bound agent (#444) › bound: a ChiefWake family swaps at the shared consumption point
  13) e2e/chief-fab.spec.ts:102:3 › FAB icon follows the bound agent (#444) › bound: a ChiefWake family swaps at the shared consumption point 

    Error: expect(locator).toHaveAttribute(expected) failed

    Locator: locator('button[aria-label="总管"]').locator('img')
    Expected: "https://api.dicebear.com/9.x/lorelei/svg?seed=r3-builder"
    Timeout: 5000ms
    Error: element(s) not found

    Call log:
      - Expect "toHaveAttribute" locator('button[aria-label="总管"]').locator('img') with timeout 5000ms
      - waiting for locator('button[aria-label="总管"]').locator('img')


      107 |     const fab = page.locator('button[aria-label="总管"]');
      108 |     // #950: .fab-avatar wrapper 类退役 → 直取按钮内 img。
    > 109 |     await expect(fab.locator('img')).toHaveAttribute('src', R3_SRC);
          |                                      ^
      110 |     await expect(fab.locator('svg')).toHaveCount(0);
      111 |     await expect(fab.locator('.fab-badge')).toHaveText('2');
      112 |   });
        at /Users/xmon/.herdr/worktrees/pacman/hp-pacman-t-0239-1-l6-chief-1009/apps/web/e2e/chief-fab.spec.ts:109:38

    Error Context: test-results/chief-fab-FAB-icon-follows-56d79-he-shared-consumption-point/error-context.md


[83/91] e2e/chief-fab.spec.ts:114:3 › FAB icon follows the bound agent (#444) › avatarUrl override wins over the generated face
  14) e2e/chief-fab.spec.ts:114:3 › FAB icon follows the bound agent (#444) › avatarUrl override wins over the generated face 

    Error: expect(locator).toHaveAttribute(expected) failed

    Locator: getByRole('button', { name: '总管', exact: true }).locator('img')
    Expected: "/avatar-robot-2.svg"
    Timeout: 5000ms
    Error: element(s) not found

    Call log:
      - Expect "toHaveAttribute" getByRole('button', { name: '总管', exact: true }).locator('img') with timeout 5000ms
      - waiting for getByRole('button', { name: '总管', exact: true }).locator('img')


      114 |   test('avatarUrl override wins over the generated face', async ({ page }) => {
      115 |     await page.goto('/app?scenario=fab-avatar-override');
    > 116 |     await expect(page.getByRole('button', { name: '总管', exact: true }).locator('img')).toHaveAttribute(
          |                                                                                        ^
      117 |       'src',
      118 |       '/avatar-robot-2.svg',
      119 |     );
        at /Users/xmon/.herdr/worktrees/pacman/hp-pacman-t-0239-1-l6-chief-1009/apps/web/e2e/chief-fab.spec.ts:116:88

    Error Context: test-results/chief-fab-FAB-icon-follows-6e240-ins-over-the-generated-face/error-context.md


[84/91] e2e/chief-fab.spec.ts:122:3 › FAB icon follows the bound agent (#444) › unbound: the static glyph stays, no avatar face
  15) e2e/chief-panel.spec.ts:190:5 › chief panel docked form (#447) › pages: the main column narrows by 418 while docked and restores on close 

    Test timeout of 30000ms exceeded.

    Error: locator.click: Test timeout of 30000ms exceeded.
    Call log:
      - waiting for locator('.page-fab')


      199 |       expect(closed!.width).toBeCloseTo(1200, 0);
      200 |
    > 201 |       await page.locator(fab).click();
          |                               ^
      202 |       await settled(page);
      203 |       const docked = await drawer(page).boundingBox();
      204 |       expect(docked!.x).toBeCloseTo(1440 - 418, 0);
        at /Users/xmon/.herdr/worktrees/pacman/hp-pacman-t-0239-1-l6-chief-1009/apps/web/e2e/chief-panel.spec.ts:201:31

    Error Context: test-results/chief-panel-chief-panel-do-01645-ocked-and-restores-on-close/error-context.md


[85/91] e2e/chief-panel.spec.ts:190:5 › chief panel docked form (#447) › resources: the main column narrows by 418 while docked and restores on close
  16) e2e/chief-panel.spec.ts:190:5 › chief panel docked form (#447) › resources: the main column narrows by 418 while docked and restores on close 

    Error: locator.click: Error: strict mode violation: locator('[aria-label="总管"]') resolved to 2 elements:
        1) <button tabindex="0" type="button" aria-label="总管" data-size="icon" data-slot="button" data-variant="ghost" class="group/button inline-flex shrink-0 items-center justify-center border border-transparent bg-clip-padding text-sm whitespace-nowrap transition-all outline-none select-none focus-visible:border-ring focus-visible:ring-3 focus-visible:ring-ring/50 disabled:pointer-events-none disabled:opacity-50 aria-invalid:border-destructive aria-invalid:ring-3 aria-invalid:ring-destructive/20 dark:aria-inv…>…</button> aka getByRole('button', { name: '总管' })
        2) <aside hidden="" id="_r_f_" role="dialog" tabindex="-1" data-closed="" aria-label="总管" data-base-ui-focusable="" class="chief-drawer fixed right-2 bottom-2 z-(--z-floating) flex h-[600px] max-h-[calc(100dvh-1rem)] w-[380px] max-w-[calc(100dvw-1rem)] flex-col overflow-hidden rounded-[12px] bg-(--card) shadow-[var(--edge-ring),var(--floating-shadow)] origin-bottom-right duration-(--dur-overlay) data-open:animate-in data-open:fade-in-0 data-open:zoom-in-95 data-closed:animate-out data-closed:fade-out-0 …>…</aside> aka getByText('新主题Nn/a请先为总管选择一个 Agent')

    Call log:
      - waiting for locator('[aria-label="总管"]')


      199 |       expect(closed!.width).toBeCloseTo(1200, 0);
      200 |
    > 201 |       await page.locator(fab).click();
          |                               ^
      202 |       await settled(page);
      203 |       const docked = await drawer(page).boundingBox();
      204 |       expect(docked!.x).toBeCloseTo(1440 - 418, 0);
        at /Users/xmon/.herdr/worktrees/pacman/hp-pacman-t-0239-1-l6-chief-1009/apps/web/e2e/chief-panel.spec.ts:201:31

    Error Context: test-results/chief-panel-chief-panel-do-4dd33-ocked-and-restores-on-close/error-context.md


[86/91] e2e/chief-panel.spec.ts:190:5 › chief panel docked form (#447) › secondary: the main column narrows by 418 while docked and restores on close
  17) e2e/chief-panel.spec.ts:190:5 › chief panel docked form (#447) › secondary: the main column narrows by 418 while docked and restores on close 

    Error: expect(received).toBeCloseTo(expected, precision)

    Expected: 1022
    Received: 1052

    Expected precision:    0
    Expected difference: < 0.5
    Received difference:   30

       at probe-dump-instrument.mjs:194

      192 |     let result;
      193 |     try {
    > 194 |       result = orig.apply(thisArg, margs);
          |                     ^
      195 |     } catch (err) {
      196 |       write({ ...rec, r: 'fail' });
      197 |       throw err;
        at recordMatcher (/Users/xmon/.herdr/worktrees/pacman/hp-pacman-t-0239-1-l6-chief-1009/apps/web/e2e/probe-dump-instrument.mjs:194:21)
        at Proxy.toBeCloseTo (/Users/xmon/.herdr/worktrees/pacman/hp-pacman-t-0239-1-l6-chief-1009/apps/web/e2e/probe-dump-instrument.mjs:174:30)
        at /Users/xmon/.herdr/worktrees/pacman/hp-pacman-t-0239-1-l6-chief-1009/apps/web/e2e/chief-panel.spec.ts:204:25

    Error Context: test-results/chief-panel-chief-panel-do-c93c1-ocked-and-restores-on-close/error-context.md


[87/91] e2e/chief-panel.spec.ts:219:3 › chief panel docked form (#447) › detail: the panel occupies the right-pane slot, mutually exclusive (D7)
  18) e2e/chief-panel.spec.ts:219:3 › chief panel docked form (#447) › detail: the panel occupies the right-pane slot, mutually exclusive (D7) 

    Test timeout of 30000ms exceeded.

    Error: locator.click: Test timeout of 30000ms exceeded.
    Call log:
      - waiting for locator('.detail-fab')


      223 |     await expect(page.locator('.detail-right')).toBeVisible();
      224 |
    > 225 |     await page.locator('.detail-fab').click();
          |                                       ^
      226 |     await settled(page);
      227 |     await expect(page.locator('.detail-right')).toHaveCount(0);
      228 |     const box = await drawer(page).boundingBox();
        at /Users/xmon/.herdr/worktrees/pacman/hp-pacman-t-0239-1-l6-chief-1009/apps/web/e2e/chief-panel.spec.ts:225:39

    Error Context: test-results/chief-panel-chief-panel-do-48371-slot-mutually-exclusive-D7-/error-context.md


[88/91] e2e/chief-panel.spec.ts:246:3 › chief panel docked form (#447) › hero examples: the four canon prompt cards, inert on the fixture face
[89/91] e2e/chief-panel.spec.ts:267:3 › chief panel docked form (#447) › composer keeps one fixed size whether or not a draft is restored (XMON-102)
[90/91] e2e/chief-panel.spec.ts:300:3 › chief panel docked form (#447) › composer placeholder switches to the steer canon while a turn runs (#624)
[91/91] e2e/chief-panel.spec.ts:320:3 › chief panel docked form (#447) › the open state does not persist across a reload (D9)
  19) e2e/chief-panel.spec.ts:320:3 › chief panel docked form (#447) › the open state does not persist across a reload (D9) 

    Error: expect(locator).toHaveCount(expected) failed

    Locator:  locator('.chief-drawer')
    Expected: 0
    Received: 1
    Timeout:  5000ms

    Call log:
      - Expect "toHaveCount" locator('.chief-drawer') with timeout 5000ms
      - waiting for locator('.chief-drawer')
        14 × locator resolved to 1 element
           - unexpected value "1"


      320 |   test('the open state does not persist across a reload (D9)', async ({ page }) => {
      321 |     await page.goto('/app?scenario=01');
    > 322 |     await expect(drawer(page)).toHaveCount(0);
          |                                ^
      323 |     // #950: FAB 载体 = role + aria-label（.chief-fab 类退役；resources 家族
      324 |     // #944 同款一级载体）。
      325 |     await page.getByRole('button', { name: '总管', exact: true }).click();
        at /Users/xmon/.herdr/worktrees/pacman/hp-pacman-t-0239-1-l6-chief-1009/apps/web/e2e/chief-panel.spec.ts:322:32

    Error Context: test-results/chief-panel-chief-panel-do-4d00a-persist-across-a-reload-D9-/error-context.md


  19 failed
    e2e/chief-drawer-model.spec.ts:326:3 › chief drawer model row (#615) › closing the drawer (⌘J) recycles the model popover with it (#773) 
    e2e/chief-fab.spec.ts:30:3 › detail FAB renders only with unread (#443) › unread > 0: the FAB renders with the badge value 
    e2e/chief-fab.spec.ts:37:3 › detail FAB renders only with unread (#443) › the gated FAB keeps the family geometry (48×48, pane offset, composer 让位) 
    e2e/chief-fab.spec.ts:79:3 › FAB icon follows the bound agent (#444) › bound: the board FAB swaps the glyph for the seeded avatar, badge and geometry stay 
    e2e/chief-fab.spec.ts:102:3 › FAB icon follows the bound agent (#444) › bound: a ChiefWake family swaps at the shared consumption point 
    e2e/chief-fab.spec.ts:114:3 › FAB icon follows the bound agent (#444) › avatarUrl override wins over the generated face 
    e2e/chief-panel.spec.ts:53:3 › chief panel docked form (#447) › Esc closes the drawer on the board route 
    e2e/chief-panel.spec.ts:61:3 › chief panel docked form (#447) › Esc closes the drawer on a wake surface 
    e2e/chief-panel.spec.ts:72:3 › chief panel docked form (#447) › Esc layers: the open thread switcher closes first, the drawer second 
    e2e/chief-panel.spec.ts:100:3 › chief panel docked form (#447) › the panel docks flush right as a full-height 418 column (board) 
    e2e/chief-panel.spec.ts:135:3 › chief panel docked form (#447) › board content yields to the panel and the columns keep the D8 guard 
    e2e/chief-panel.spec.ts:157:3 › chief panel docked form (#447) › closing restores the board grid to its resting geometry 
    e2e/chief-panel.spec.ts:190:5 › chief panel docked form (#447) › pages: the main column narrows by 418 while docked and restores on close 
    e2e/chief-panel.spec.ts:190:5 › chief panel docked form (#447) › resources: the main column narrows by 418 while docked and restores on close 
    e2e/chief-panel.spec.ts:190:5 › chief panel docked form (#447) › secondary: the main column narrows by 418 while docked and restores on close 
    e2e/chief-panel.spec.ts:219:3 › chief panel docked form (#447) › detail: the panel occupies the right-pane slot, mutually exclusive (D7) 
    e2e/chief-panel.spec.ts:320:3 › chief panel docked form (#447) › the open state does not persist across a reload (D9) 
    e2e/chief-stream-markdown.spec.ts:543:3 › chief drawer 流式面（live mock，#651） › F-R18: 在飞存在行可展开（#822）——点箭头看实时步骤，typing 接管不泄漏 
    e2e/chief-stream-markdown.spec.ts:718:3 › chief drawer 用户气泡 markdown 面（live mock，#742） › F-R16: 单行纯文本气泡几何不漂移（44px 药丸）；多块气泡首/尾块 margin 修剪生效 
  72 passed (1.6m)
