[13:46:28] INFO (94335): attachment gc: 0 pending, 0 orphan, 0 bytes reclaimed
    pending: 0
    orphan: 0
    reclaimedBytes: 0
[13:46:28] INFO (94335): ci pr-checks sweep
    candidates: 0
    pending: 0
    appended: 0
    advanced: 0
    failed: 0
    skipped: 0
    unreadable: 0
    errors: 0
[13:46:28] INFO (94335): pacman-server online — 机器注册：POST /api/teams/{id}/api-keys 取 key 后 pacman start --api-key <key> --team <teamId>
    port: 8799
    dataDir: "/tmp/pacman-1150-home/server"
    teamId: "-NAvLi801GWQX-s9Aoxrv"
[13:47:28] INFO (94335): ci pr-checks sweep
    candidates: 0
    pending: 0
    appended: 0
    advanced: 0
    failed: 0
    skipped: 0
    unreadable: 0
    errors: 0
[13:48:28] INFO (94335): ci pr-checks sweep
    candidates: 0
    pending: 0
    appended: 0
    advanced: 0
    failed: 0
    skipped: 0
    unreadable: 0
    errors: 0
[13:49:29] INFO (94335): ci pr-checks sweep
    candidates: 1
    pending: 0
    appended: 1
    advanced: 0
    failed: 0
    skipped: 0
    unreadable: 0
    errors: 0
[13:50:28] INFO (94335): ci pr-checks sweep
    candidates: 1
    pending: 0
    appended: 0
    advanced: 0
    failed: 0
    skipped: 1
    unreadable: 0
    errors: 0
[13:51:28] INFO (94335): ci pr-checks sweep
    candidates: 1
    pending: 0
    appended: 0
    advanced: 0
    failed: 0
    skipped: 1
    unreadable: 0
    errors: 0
[13:52:28] INFO (94335): ci pr-checks sweep
    candidates: 0
    pending: 0
    appended: 0
    advanced: 0
    failed: 0
    skipped: 0
    unreadable: 0
    errors: 0
[13:53:28] INFO (94335): ci pr-checks sweep
    candidates: 0
    pending: 0
    appended: 0
    advanced: 0
    failed: 0
    skipped: 0
    unreadable: 0
    errors: 0
[13:54:28] INFO (94335): ci pr-checks sweep
    candidates: 0
    pending: 0
    appended: 0
    advanced: 0
    failed: 0
    skipped: 0
    unreadable: 0
    errors: 0
