vite v8.3.0 building client environment for fixture...
transforming...
✓ 2802 modules transformed.
✗ Build failed in 623ms
error during build:
Build failed with 2 errors:

[31m[builtin:vite-transform] [0mExpected `}` but found `Identifier`
    [38;5;246m╭[0m[38;5;246m─[0m[38;5;246m[[0m src/board/reset-confirm-dialog.tsx:43:14 [38;5;246m][0m
    [38;5;246m│[0m
 [38;5;246m43 │[0m [38;5;249m [0m[38;5;249m [0m[38;5;249m [0m[38;5;249m [0m[38;5;249m [0m[38;5;249m [0m[38;5;249m [0m[38;5;249m [0m[38;5;249m<[0m[38;5;249md[0m[38;5;249mi[0m[38;5;249mv[0m[38;5;249m [0mclassName[38;5;249m=[0m[38;5;249m{[0m[38;5;249mA[0m[38;5;249mC[0m[38;5;249mC[0m[38;5;249mE[0m[38;5;249mP[0m[38;5;249mT[0m[38;5;249m_[0m[38;5;249mF[0m[38;5;249mO[0m[38;5;249mO[0m[38;5;249mT[0m[38;5;249mE[0m[38;5;249mR[0m[38;5;249m}[0m[38;5;249m>[0m
 [38;5;240m   │[0m              ────┬────  
 [38;5;240m   │[0m                  ╰────── `}` expected
[38;5;246m────╯[0m

[31m[builtin:vite-transform] [0mExpected `}` but found `Identifier`
    [38;5;246m╭[0m[38;5;246m─[0m[38;5;246m[[0m src/board/done-confirm-dialog.tsx:35:14 [38;5;246m][0m
    [38;5;246m│[0m
 [38;5;246m35 │[0m [38;5;249m [0m[38;5;249m [0m[38;5;249m [0m[38;5;249m [0m[38;5;249m [0m[38;5;249m [0m[38;5;249m [0m[38;5;249m [0m[38;5;249m<[0m[38;5;249md[0m[38;5;249mi[0m[38;5;249mv[0m[38;5;249m [0mclassName[38;5;249m=[0m[38;5;249m{[0m[38;5;249mA[0m[38;5;249mC[0m[38;5;249mC[0m[38;5;249mE[0m[38;5;249mP[0m[38;5;249mT[0m[38;5;249m_[0m[38;5;249mF[0m[38;5;249mO[0m[38;5;249mO[0m[38;5;249mT[0m[38;5;249mE[0m[38;5;249mR[0m[38;5;249m}[0m[38;5;249m>[0m
 [38;5;240m   │[0m              ────┬────  
 [38;5;240m   │[0m                  ╰────── `}` expected
[38;5;246m────╯[0m

    at aggregateBindingErrorsIntoJsError (file:///Users/xmon/.herdr/worktrees/pacman/hp-pacman-t-0234-1-l1-board-sidebar-1004/node_modules/.pnpm/rolldown@1.2.9/node_modules/rolldown/dist/shared/error-CGhV1ebk.mjs:48:18)
    at unwrapBindingResult (file:///Users/xmon/.herdr/worktrees/pacman/hp-pacman-t-0234-1-l1-board-sidebar-1004/node_modules/.pnpm/rolldown@1.2.9/node_modules/rolldown/dist/shared/error-CGhV1ebk.mjs:18:128)
    at #build (file:///Users/xmon/.herdr/worktrees/pacman/hp-pacman-t-0234-1-l1-board-sidebar-1004/node_modules/.pnpm/rolldown@1.2.9/node_modules/rolldown/dist/shared/rolldown-Ld3ZGGCt.mjs:133:34)
    at async buildEnvironment (file:///Users/xmon/.herdr/worktrees/pacman/hp-pacman-t-0234-1-l1-board-sidebar-1004/node_modules/.pnpm/vite@8.3.0_@types+node@26.6.2_esbuild@0.28.2_jiti@1.21.7_tsx@4.23.15_yaml@2.9.0/node_modules/vite/dist/node/chunks/node.js:34082:66)
    at async Object.build (file:///Users/xmon/.herdr/worktrees/pacman/hp-pacman-t-0234-1-l1-board-sidebar-1004/node_modules/.pnpm/vite@8.3.0_@types+node@26.6.2_esbuild@0.28.2_jiti@1.21.7_tsx@4.23.15_yaml@2.9.0/node_modules/vite/dist/node/chunks/node.js:34503:19)
    at async Object.buildApp (file:///Users/xmon/.herdr/worktrees/pacman/hp-pacman-t-0234-1-l1-board-sidebar-1004/node_modules/.pnpm/vite@8.3.0_@types+node@26.6.2_esbuild@0.28.2_jiti@1.21.7_tsx@4.23.15_yaml@2.9.0/node_modules/vite/dist/node/chunks/node.js:34500:153)
    at async CAC.<anonymous> (file:///Users/xmon/.herdr/worktrees/pacman/hp-pacman-t-0234-1-l1-board-sidebar-1004/node_modules/.pnpm/vite@8.3.0_@types+node@26.6.2_esbuild@0.28.2_jiti@1.21.7_tsx@4.23.15_yaml@2.9.0/node_modules/vite/dist/node/cli.js:780:3) {
  errors: [Getter/Setter]
}
