=== LOADED ITERATION 1 15:38:48 ===

 RUN  v5.0.1 /Users/xmon/.herdr/worktrees/pacman/hp-pacman-t-0076-698-claim-finished-no-op-lane/integration


 Test Files  1 passed (1)
      Tests  3 passed (3)
   Start at  15:38:49
   Duration  13.05s (tests 86%, import 10%, transform 4%)

=== LOADED ITERATION 1 EXIT 0 ===
=== LOADED ITERATION 2 15:39:02 ===

 RUN  v5.0.1 /Users/xmon/.herdr/worktrees/pacman/hp-pacman-t-0076-698-claim-finished-no-op-lane/integration


 Test Files  1 passed (1)
      Tests  3 passed (3)
   Start at  15:39:02
   Duration  14.00s (tests 88%, import 9%, transform 3%)

=== LOADED ITERATION 2 EXIT 0 ===
=== LOADED ITERATION 3 15:39:16 ===

 RUN  v5.0.1 /Users/xmon/.herdr/worktrees/pacman/hp-pacman-t-0076-698-claim-finished-no-op-lane/integration


 Test Files  1 passed (1)
      Tests  3 passed (3)
   Start at  15:39:16
   Duration  12.11s (tests 86%, import 10%, transform 4%)

=== LOADED ITERATION 3 EXIT 0 ===
=== LOADED ITERATION 4 15:39:28 ===

 RUN  v5.0.1 /Users/xmon/.herdr/worktrees/pacman/hp-pacman-t-0076-698-claim-finished-no-op-lane/integration


 Test Files  1 passed (1)
      Tests  3 passed (3)
   Start at  15:39:29
   Duration  12.57s (tests 87%, import 10%, transform 3%)

=== LOADED ITERATION 4 EXIT 0 ===
=== LOADED ITERATION 5 15:39:41 ===

 RUN  v5.0.1 /Users/xmon/.herdr/worktrees/pacman/hp-pacman-t-0076-698-claim-finished-no-op-lane/integration


 Test Files  1 passed (1)
      Tests  3 passed (3)
   Start at  15:39:42
   Duration  13.33s (tests 86%, import 10%, transform 4%)

=== LOADED ITERATION 5 EXIT 0 ===
=== LOADED ITERATION 6 15:39:55 ===

 RUN  v5.0.1 /Users/xmon/.herdr/worktrees/pacman/hp-pacman-t-0076-698-claim-finished-no-op-lane/integration


 Test Files  1 passed (1)
      Tests  3 passed (3)
   Start at  15:39:55
   Duration  12.90s (tests 89%, import 7%, transform 3%)

=== LOADED ITERATION 6 EXIT 0 ===
=== LOADED ITERATION 7 15:40:08 ===

 RUN  v5.0.1 /Users/xmon/.herdr/worktrees/pacman/hp-pacman-t-0076-698-claim-finished-no-op-lane/integration


 Test Files  1 passed (1)
      Tests  3 passed (3)
   Start at  15:40:08
   Duration  12.43s (tests 87%, import 10%, transform 3%)

=== LOADED ITERATION 7 EXIT 0 ===
=== LOADED ITERATION 8 15:40:21 ===

 RUN  v5.0.1 /Users/xmon/.herdr/worktrees/pacman/hp-pacman-t-0076-698-claim-finished-no-op-lane/integration


 Test Files  1 passed (1)
      Tests  3 passed (3)
   Start at  15:40:21
   Duration  13.08s (tests 87%, import 10%, transform 4%)

=== LOADED ITERATION 8 EXIT 0 ===
=== LOADED ITERATION 9 15:40:34 ===

 RUN  v5.0.1 /Users/xmon/.herdr/worktrees/pacman/hp-pacman-t-0076-698-claim-finished-no-op-lane/integration


 Test Files  1 passed (1)
      Tests  3 passed (3)
   Start at  15:40:34
   Duration  13.34s (tests 86%, import 10%, transform 4%)

=== LOADED ITERATION 9 EXIT 0 ===
=== LOADED ITERATION 10 15:40:48 ===

 RUN  v5.0.1 /Users/xmon/.herdr/worktrees/pacman/hp-pacman-t-0076-698-claim-finished-no-op-lane/integration


 Test Files  1 passed (1)
      Tests  3 passed (3)
   Start at  15:40:48
   Duration  12.68s (tests 90%, import 7%, transform 3%)

=== LOADED ITERATION 10 EXIT 0 ===
