=== ITERATION 1 15:35:26 ===

 RUN  v5.0.1 /Users/xmon/.herdr/worktrees/pacman/hp-pacman-t-0076-698-claim-finished-no-op-lane/integration


 Test Files  1 passed (1)
      Tests  3 passed (3)
   Start at  15:35:26
   Duration  13.94s (tests 84%, import 12%, transform 4%)

=== ITERATION 1 EXIT 0 ===
=== ITERATION 2 15:35:40 ===

 RUN  v5.0.1 /Users/xmon/.herdr/worktrees/pacman/hp-pacman-t-0076-698-claim-finished-no-op-lane/integration


 Test Files  1 passed (1)
      Tests  3 passed (3)
   Start at  15:35:40
   Duration  12.31s (tests 87%, import 10%, transform 3%)

=== ITERATION 2 EXIT 0 ===
=== ITERATION 3 15:35:52 ===

 RUN  v5.0.1 /Users/xmon/.herdr/worktrees/pacman/hp-pacman-t-0076-698-claim-finished-no-op-lane/integration


 Test Files  1 passed (1)
      Tests  3 passed (3)
   Start at  15:35:53
   Duration  12.18s (tests 87%, import 10%, transform 3%)

=== ITERATION 3 EXIT 0 ===
=== ITERATION 4 15:36:05 ===

 RUN  v5.0.1 /Users/xmon/.herdr/worktrees/pacman/hp-pacman-t-0076-698-claim-finished-no-op-lane/integration


 Test Files  1 passed (1)
      Tests  3 passed (3)
   Start at  15:36:05
   Duration  12.96s (tests 91%, import 6%, transform 3%)

=== ITERATION 4 EXIT 0 ===
=== ITERATION 5 15:36:18 ===

 RUN  v5.0.1 /Users/xmon/.herdr/worktrees/pacman/hp-pacman-t-0076-698-claim-finished-no-op-lane/integration


 Test Files  1 passed (1)
      Tests  3 passed (3)
   Start at  15:36:18
   Duration  11.62s (tests 89%, import 7%, transform 4%)

=== ITERATION 5 EXIT 0 ===
=== ITERATION 6 15:36:30 ===

 RUN  v5.0.1 /Users/xmon/.herdr/worktrees/pacman/hp-pacman-t-0076-698-claim-finished-no-op-lane/integration


 Test Files  1 passed (1)
      Tests  3 passed (3)
   Start at  15:36:30
   Duration  11.73s (tests 89%, import 7%, transform 4%)

=== ITERATION 6 EXIT 0 ===
=== ITERATION 7 15:36:42 ===

 RUN  v5.0.1 /Users/xmon/.herdr/worktrees/pacman/hp-pacman-t-0076-698-claim-finished-no-op-lane/integration


 Test Files  1 passed (1)
      Tests  3 passed (3)
   Start at  15:36:42
   Duration  12.42s (tests 89%, import 7%, transform 4%)

=== ITERATION 7 EXIT 0 ===
=== ITERATION 8 15:36:55 ===

 RUN  v5.0.1 /Users/xmon/.herdr/worktrees/pacman/hp-pacman-t-0076-698-claim-finished-no-op-lane/integration


 Test Files  1 passed (1)
      Tests  3 passed (3)
   Start at  15:36:55
   Duration  14.51s (tests 80%, transform 12%, import 9%)

=== ITERATION 8 EXIT 0 ===
=== ITERATION 9 15:37:10 ===

 RUN  v5.0.1 /Users/xmon/.herdr/worktrees/pacman/hp-pacman-t-0076-698-claim-finished-no-op-lane/integration


 Test Files  1 passed (1)
      Tests  3 passed (3)
   Start at  15:37:10
   Duration  12.14s (tests 90%, import 7%, transform 3%)

=== ITERATION 9 EXIT 0 ===
=== ITERATION 10 15:37:22 ===

 RUN  v5.0.1 /Users/xmon/.herdr/worktrees/pacman/hp-pacman-t-0076-698-claim-finished-no-op-lane/integration


 Test Files  1 passed (1)
      Tests  3 passed (3)
   Start at  15:37:22
   Duration  13.18s (tests 85%, import 10%, transform 4%)

=== ITERATION 10 EXIT 0 ===
