=== POSTFIX ITERATION 1 15:47:23 ===

 RUN  v5.0.1 /Users/xmon/.herdr/worktrees/pacman/hp-pacman-t-0076-698-claim-finished-no-op-lane/integration


 Test Files  1 passed (1)
      Tests  3 passed (3)
   Start at  15:47:23
   Duration  14.63s (tests 87%, import 10%, transform 3%)

=== POSTFIX ITERATION 1 EXIT  ===
=== POSTFIX ITERATION 2 15:47:38 ===

 RUN  v5.0.1 /Users/xmon/.herdr/worktrees/pacman/hp-pacman-t-0076-698-claim-finished-no-op-lane/integration


 Test Files  1 passed (1)
      Tests  3 passed (3)
   Start at  15:47:39
   Duration  12.99s (tests 86%, import 10%, transform 4%)

=== POSTFIX ITERATION 2 EXIT  ===
=== POSTFIX ITERATION 3 15:47:52 ===

 RUN  v5.0.1 /Users/xmon/.herdr/worktrees/pacman/hp-pacman-t-0076-698-claim-finished-no-op-lane/integration


 Test Files  1 passed (1)
      Tests  3 passed (3)
   Start at  15:47:52
   Duration  13.30s (tests 87%, import 9%, transform 3%)

=== POSTFIX ITERATION 3 EXIT  ===
=== POSTFIX ITERATION 4 15:48:05 ===

 RUN  v5.0.1 /Users/xmon/.herdr/worktrees/pacman/hp-pacman-t-0076-698-claim-finished-no-op-lane/integration


 Test Files  1 passed (1)
      Tests  3 passed (3)
   Start at  15:48:05
   Duration  12.78s (tests 87%, import 10%, transform 3%)

=== POSTFIX ITERATION 4 EXIT  ===
=== POSTFIX ITERATION 5 15:48:18 ===

 RUN  v5.0.1 /Users/xmon/.herdr/worktrees/pacman/hp-pacman-t-0076-698-claim-finished-no-op-lane/integration


 Test Files  1 passed (1)
      Tests  3 passed (3)
   Start at  15:48:18
   Duration  12.63s (tests 87%, import 10%, transform 3%)

=== POSTFIX ITERATION 5 EXIT  ===
=== POSTFIX ITERATION 6 15:48:31 ===

 RUN  v5.0.1 /Users/xmon/.herdr/worktrees/pacman/hp-pacman-t-0076-698-claim-finished-no-op-lane/integration


 Test Files  1 passed (1)
      Tests  3 passed (3)
   Start at  15:48:31
   Duration  13.04s (tests 87%, import 10%, transform 3%)

=== POSTFIX ITERATION 6 EXIT  ===
