
 RUN  v5.0.1 /Users/xmon/.herdr/worktrees/pacman/hp-pacman-t-0103-717-m5-ci-dump/apps/web

 ❯ test/invalidate-converged.test.ts (6 tests | 2 failed) 14ms
   ❯ 失效收敛：提示不得被查询层吞掉 (5)
     × 挂载取数在飞时到达的失效，必须在空快照落地后仍重取一次（收敛） 3ms
     × 收敛有界：一次失效最多追加一轮取数，不自激 3ms

⎯⎯⎯⎯⎯⎯⎯ Failed Tests 2 ⎯⎯⎯⎯⎯⎯⎯

 FAIL  test/invalidate-converged.test.ts > 失效收敛：提示不得被查询层吞掉 > 挂载取数在飞时到达的失效，必须在空快照落地后仍重取一次（收敛）
AssertionError: expected "vi.fn()" to be called 2 times, but got 1 times
 ❯ test/invalidate-converged.test.ts:90:21
     88|     await settle();
     89|
     90|     expect(queryFn).toHaveBeenCalledTimes(2);
       |                     ^
     91|     expect(qc.getQueryData(['plans', 'b1'])).toEqual([{ id: 'p1', vers…
     92|   });

⎯⎯⎯⎯⎯⎯⎯⎯⎯⎯⎯⎯⎯⎯⎯⎯⎯⎯⎯⎯⎯⎯⎯⎯[1/2]⎯

 FAIL  test/invalidate-converged.test.ts > 失效收敛：提示不得被查询层吞掉 > 收敛有界：一次失效最多追加一轮取数，不自激
AssertionError: expected "vi.fn()" to be called 2 times, but got 1 times
 ❯ test/invalidate-converged.test.ts:150:21
    148|     await settle();
    149|
    150|     expect(queryFn).toHaveBeenCalledTimes(2);
       |                     ^
    151|   });
    152| });

⎯⎯⎯⎯⎯⎯⎯⎯⎯⎯⎯⎯⎯⎯⎯⎯⎯⎯⎯⎯⎯⎯⎯⎯[2/2]⎯


 Test Files  1 failed (1)
      Tests  2 failed | 4 passed (6)
   Start at  01:49:29
   Duration  140ms (import 51%, transform 26%, tests 20%, worker 3%)

Error: ERR_PNPM_RECURSIVE_EXEC_FIRST_FAIL

  × "pnpm recursive exec" failed in /Users/xmon/.herdr/worktrees/pacman/hp-
  │ pacman-t-0103-717-m5-ci-dump/apps/web

