[WebServer] [plugin builtin:vite-reporter] 
[WebServer] (!) Some chunks are larger than 500 kB after minification. Consider:
[WebServer] - Using dynamic import() to code-split the application
[WebServer] - Use build.rolldownOptions.output.codeSplitting to improve chunking: https://rolldown.rs/reference/OutputOptions.codeSplitting
[WebServer] - Adjust chunk size limit for this warning via build.chunkSizeWarningLimit.


Running 8 tests using 4 workers

[1/8] e2e/fixture-mode-chip.spec.ts:25:1 › fixture mode shows the 示例数据 chip naming the scenario, site-wide (#1037)
[2/8] e2e/overlay-focus.spec.ts:49:3 › #15 focus ring收编 › click + key on 新建任务/topbar buttons: never the UA blue box
[3/8] e2e/dialog-viewport.spec.ts:174:1 › schedules 新建定时(900×420): 封顶、body 内滚、取消/保存/X 恒在视口 (#1037)
[4/8] e2e/dead-buttons.spec.ts:140:1 › schedules empty state drops the 查看文档 button; 新建定时 really opens and saves (#149, #1037)
  1) e2e/fixture-mode-chip.spec.ts:25:1 › fixture mode shows the 示例数据 chip naming the scenario, site-wide (#1037) 

    Error: expect(locator).toBeVisible() failed

    Locator: locator('.fixture-mode-chip')
    Expected: visible
    Timeout: 5000ms
    Error: element(s) not found

    Call log:
      - Expect "toBeVisible" locator('.fixture-mode-chip') with timeout 5000ms
      - waiting for locator('.fixture-mode-chip')


      28 |   await page.goto('/app/schedules?scenario=11');
      29 |   const chip = page.locator('.fixture-mode-chip');
    > 30 |   await expect(chip).toBeVisible();
         |                      ^
      31 |   await expect(chip).toContainText('示例数据');
      32 |   await expect(chip).toContainText('scenario 11');
      33 |   // Bridge-level, not page-local: the board face carries the same chip.
        at /Users/xmon/.herdr/worktrees/pacman/hp-pacman-t-0249-1037/apps/web/e2e/fixture-mode-chip.spec.ts:30:22

    Error Context: test-results/fixture-mode-chip-fixture--c667a-he-scenario-site-wide-1037-/error-context.md


  2) e2e/dead-buttons.spec.ts:140:1 › schedules empty state drops the 查看文档 button; 新建定时 really opens and saves (#149, #1037) 

    Error: expect(locator).toBeVisible() failed

    Locator: getByRole('dialog', { name: '新建定时' })
    Expected: visible
    Timeout: 5000ms
    Error: element(s) not found

    Call log:
      - Expect "toBeVisible" getByRole('dialog', { name: '新建定时' }) with timeout 5000ms
      - waiting for getByRole('dialog', { name: '新建定时' })


      151 |   await emptyNew.click();
      152 |   const dialog = page.getByRole('dialog', { name: '新建定时' });
    > 153 |   await expect(dialog).toBeVisible();
          |                        ^
      154 |   await dialog.getByRole('button', { name: '保存' }).click();
      155 |   await expect(dialog).toBeHidden();
      156 |   await expect(page.locator('.sched-card')).toHaveCount(1);
        at /Users/xmon/.herdr/worktrees/pacman/hp-pacman-t-0249-1037/apps/web/e2e/dead-buttons.spec.ts:153:24

    Error Context: test-results/dead-buttons-schedules-emp-4a40d-y-opens-and-saves-149-1037-/error-context.md


[5/8] e2e/fixture-mode-chip.spec.ts:38:1 › the chip never swallows clicks — pointer-events-none (#1037)
[6/8] e2e/dead-buttons.spec.ts:160:1 › schedules fixture face: topbar 新建 opens the dialog, freq tabs respond, save lands a card (#1037)
  3) e2e/overlay-focus.spec.ts:49:3 › #15 focus ring收编 › click + key on 新建任务/topbar buttons: never the UA blue box 

    Error: expect(locator).toBeVisible() failed

    Locator: getByRole('dialog', { name: '新建定时' })
    Expected: visible
    Timeout: 5000ms
    Error: element(s) not found

    Call log:
      - Expect "toBeVisible" getByRole('dialog', { name: '新建定时' }) with timeout 5000ms
      - waiting for getByRole('dialog', { name: '新建定时' })


      85 |     await pageNew.click();
      86 |     const schedDialog = page.getByRole('dialog', { name: '新建定时' });
    > 87 |     await expect(schedDialog).toBeVisible();
         |                               ^
      88 |     await page.keyboard.press('Escape');
      89 |     await expect(schedDialog).toBeHidden();
      90 |     await expect(pageNew).toBeFocused();
        at /Users/xmon/.herdr/worktrees/pacman/hp-pacman-t-0249-1037/apps/web/e2e/overlay-focus.spec.ts:87:31

    Error Context: test-results/overlay-focus--15-focus-ri-2f0ce-ttons-never-the-UA-blue-box/error-context.md


[7/8] e2e/schedules-live.spec.ts:83:1 › live face: 保存 fires POST /api/schedules with the form state (#1037)
  4) e2e/fixture-mode-chip.spec.ts:38:1 › the chip never swallows clicks — pointer-events-none (#1037) 

    Error: expect(locator).toHaveCSS(expected) failed

    Locator: locator('.fixture-mode-chip')
    Expected: "none"
    Timeout: 5000ms
    Error: element(s) not found

    Call log:
      - Expect "toHaveCSS" locator('.fixture-mode-chip') with timeout 5000ms
      - waiting for locator('.fixture-mode-chip')


      38 | test('the chip never swallows clicks — pointer-events-none (#1037)', async ({ page }) => {
      39 |   await page.goto('/app/schedules?scenario=11');
    > 40 |   await expect(page.locator('.fixture-mode-chip')).toHaveCSS('pointer-events', 'none');
         |                                                    ^
      41 | });
      42 |
      43 | test('live face renders no fixture chip (#1037)', async ({ page }) => {
        at /Users/xmon/.herdr/worktrees/pacman/hp-pacman-t-0249-1037/apps/web/e2e/fixture-mode-chip.spec.ts:40:52

    Error Context: test-results/fixture-mode-chip-the-chip-9db84-—-pointer-events-none-1037-/error-context.md


  5) e2e/dead-buttons.spec.ts:160:1 › schedules fixture face: topbar 新建 opens the dialog, freq tabs respond, save lands a card (#1037) 

    Error: expect(locator).toBeVisible() failed

    Locator: getByRole('dialog', { name: '新建定时' })
    Expected: visible
    Timeout: 5000ms
    Error: element(s) not found

    Call log:
      - Expect "toBeVisible" getByRole('dialog', { name: '新建定时' }) with timeout 5000ms
      - waiting for getByRole('dialog', { name: '新建定时' })


      164 |   await page.locator('.page-new-action').click();
      165 |   const dialog = page.getByRole('dialog', { name: '新建定时' });
    > 166 |   await expect(dialog).toBeVisible();
          |                        ^
      167 |   // 频率 tabs 在冻结面同样是真 tabs：点 每周 选中即跟（旧态 = 受控 value
      168 |   // 无 onValueChange，点击不动的死面）。
      169 |   await dialog.getByRole('tab', { name: '每周' }).click();
        at /Users/xmon/.herdr/worktrees/pacman/hp-pacman-t-0249-1037/apps/web/e2e/dead-buttons.spec.ts:166:24

    Error Context: test-results/dead-buttons-schedules-fix-003c0-ond-save-lands-a-card-1037-/error-context.md


[8/8] e2e/fixture-mode-chip.spec.ts:43:1 › live face renders no fixture chip (#1037)
  6) e2e/schedules-live.spec.ts:83:1 › live face: 保存 fires POST /api/schedules with the form state (#1037) 

    Error: expect(locator).toHaveCount(expected) failed

    Locator:  getByRole('dialog', { name: '新建定时' }).locator('polyline[points="9 18 15 12 9 6"]')
    Expected: 0
    Received: 3
    Timeout:  5000ms

    Call log:
      - Expect "toHaveCount" getByRole('dialog', { name: '新建定时' }).locator('polyline[points="9 18 15 12 9 6"]') with timeout 5000ms
      - waiting for getByRole('dialog', { name: '新建定时' }).locator('polyline[points="9 18 15 12 9 6"]')
        14 × locator resolved to 3 elements
           - unexpected value "3"


      105 |   // reference's rows as preselected values with no observed picker
      106 |   // interaction, so the honest local-first face is a static display row.
    > 107 |   await expect(dialog.locator('polyline[points="9 18 15 12 9 6"]')).toHaveCount(0);
          |                                                                     ^
      108 |
      109 |   // Hostile data: the unbreakable 124-char title must stay inside the row box
      110 |   // (truncate), never push the 488px panel wider.
        at /Users/xmon/.herdr/worktrees/pacman/hp-pacman-t-0249-1037/apps/web/e2e/schedules-live.spec.ts:107:69

    Error Context: test-results/schedules-live-live-face-保-e9e62-s-with-the-form-state-1037-/error-context.md


  7) e2e/dialog-viewport.spec.ts:174:1 › schedules 新建定时(900×420): 封顶、body 内滚、取消/保存/X 恒在视口 (#1037) ──

    Test timeout of 30000ms exceeded.

    Error: locator.evaluate: Test timeout of 30000ms exceeded.
    Call log:
      - waiting for getByRole('dialog', { name: '新建定时' }).getByTestId('dialog-body')


      50 |   const size = await dialog
      51 |     .getByTestId('dialog-body')
    > 52 |     .evaluate((el) => ({ scroll: el.scrollHeight, client: el.clientHeight }));
         |      ^
      53 |   expect(size.scroll).toBeGreaterThan(size.client);
      54 | }
      55 |
        at expectBodyOverflows (/Users/xmon/.herdr/worktrees/pacman/hp-pacman-t-0249-1037/apps/web/e2e/dialog-viewport.spec.ts:52:6)
        at /Users/xmon/.herdr/worktrees/pacman/hp-pacman-t-0249-1037/apps/web/e2e/dialog-viewport.spec.ts:181:9

    Error Context: test-results/dialog-viewport-schedules--7578f-、body-内滚、取消-保存-X-恒在视口-1037-/error-context.md


  7 failed
    e2e/dead-buttons.spec.ts:140:1 › schedules empty state drops the 查看文档 button; 新建定时 really opens and saves (#149, #1037) 
    e2e/dead-buttons.spec.ts:160:1 › schedules fixture face: topbar 新建 opens the dialog, freq tabs respond, save lands a card (#1037) 
    e2e/dialog-viewport.spec.ts:174:1 › schedules 新建定时(900×420): 封顶、body 内滚、取消/保存/X 恒在视口 (#1037) ───
    e2e/fixture-mode-chip.spec.ts:25:1 › fixture mode shows the 示例数据 chip naming the scenario, site-wide (#1037) 
    e2e/fixture-mode-chip.spec.ts:38:1 › the chip never swallows clicks — pointer-events-none (#1037) 
    e2e/overlay-focus.spec.ts:49:3 › #15 focus ring收编 › click + key on 新建任务/topbar buttons: never the UA blue box 
    e2e/schedules-live.spec.ts:83:1 › live face: 保存 fires POST /api/schedules with the form state (#1037) 
  1 passed (32.7s)
