vite v8.3.0 building client environment for fixture...
transforming...
✓ 907 modules transformed.
rendering chunks...
computing gzip size...
dist/index.html                     1.73 kB │ gzip:   0.77 kB
dist/assets/index-BUF4GcdI.css    159.46 kB │ gzip:  27.28 kB
dist/assets/index-BnwpTR3I.js   1,307.35 kB │ gzip: 397.91 kB

[plugin builtin:vite-reporter] 
(!) Some chunks are larger than 500 kB after minification. Consider:
- Using dynamic import() to code-split the application
- Use build.rolldownOptions.output.codeSplitting to improve chunking: https://rolldown.rs/reference/OutputOptions.codeSplitting
- Adjust chunk size limit for this warning via build.chunkSizeWarningLimit.
✓ built in 497ms
  ➜  Local:   http://127.0.0.1:8400/

Running 135 tests using 4 workers

[1/135] e2e/branch-button.spec.ts:11:1 › 有分支卡：分支钮可见且为分支 glyph，点开分支与 PR 弹层
[2/135] e2e/chat-tools-identity.spec.ts:34:1 › I1: the collapsed group names itself — terminal glyph + 工具过程 label
[3/135] e2e/chat-type-measure.spec.ts:30:1 › chat body reads at 15px on a unitless 1.6 — the 24px pitch survives
[4/135] e2e/chat-md-toolout.spec.ts:46:1 › A1: tool output is collapsed behind the group toggle by default
[5/135] e2e/chat-type-measure.spec.ts:75:1 › 68ch measure cap binds the body text and the centered note
[6/135] e2e/chat-tools-identity.spec.ts:56:1 › I2: collapsed offers no copy — the affordance lives in the expanded state
[7/135] e2e/chat-md-toolout.spec.ts:59:1 › A2: expanding the group reveals one standalone block per tool output
[8/135] e2e/branch-button.spec.ts:22:1 › 无分支卡：分支钮不渲染
[9/135] e2e/chat-type-measure.spec.ts:125:1 › composer placeholder steps to 14px — one notch under the 15px body
[10/135] e2e/composer-inline-mention.spec.ts:184:1 › trigger: line start / after whitespace / after CJK punctuation — never mid-word or in an email (F2)
[11/135] e2e/chat-md-toolout.spec.ts:70:1 › A3: the output block is left aligned, mono, normal contrast — not a chat-note
[12/135] e2e/chat-tools-identity.spec.ts:71:1 › I3: expanded copy still puts pills and outputs on the clipboard
[13/135] e2e/chat-type-measure.spec.ts:139:1 › bubble / avatar / footer keep their own geometry (#470 scope fence)
[14/135] e2e/chat-md-toolout.spec.ts:91:1 › B1: a markdown heading renders as a heading element, not literal ##
[15/135] e2e/composer-inline-mention.spec.ts:206:1 › filter: fuzzy subsequence, smart case, empty-state row
[16/135] e2e/chat-tools-identity.spec.ts:82:1 › I4: expand/collapse interaction and the #470 row geometry are untouched
[17/135] e2e/chat-type-measure.spec.ts:160:1 › turn boundary is air, not a rule: no divider between a user turn and the agent row
[18/135] e2e/chat-md-toolout.spec.ts:104:1 › B2: ordered list renders ordinals and unordered list renders bullets
[19/135] e2e/chat-tools-identity.spec.ts:108:1 › I5: the identity row draws no rule — the transcript boundary stays air
[20/135] e2e/composer-paste.spec.ts:282:1 › detail face: a mid-line image paste lands the token whole-line at the caret
[21/135] e2e/composer-inline-mention.spec.ts:233:1 › filter: candidate list caps at 15 (CN=15)
[22/135] e2e/chat-md-toolout.spec.ts:119:1 › B3: nested list items indent past their parent
[23/135] e2e/composer-slash.spec.ts:151:1 › trigger: `/` opens builtins then skills, paths and mid-word stay literal (F2/F6)
[24/135] e2e/composer-inline-mention.spec.ts:243:1 › keyboard: arrows cycle the highlight, the top row is NOT preselected
[25/135] e2e/composer-paste.spec.ts:310:1 › detail face: one multi-image paste puts every token on its own line
[26/135] e2e/chat-md-toolout.spec.ts:134:1 › B4: a code fence renders as a mono block with no literal ``` leak
[27/135] e2e/composer-slash.spec.ts:177:1 › filter: word-prefix only, alias, empty state (F3/F7)
[28/135] e2e/chat-md-toolout.spec.ts:146:1 › B5: inline code keeps the existing mono chip
[29/135] e2e/composer-inline-mention.spec.ts:265:1 › Enter with a highlight inserts WITHOUT sending; the second Enter sends (r9 §5 fix)
[30/135] e2e/composer-paste.spec.ts:328:1 › detail face: a text-only paste is never preventDefaulted (FM7 zero change)
[31/135] e2e/composer-slash.spec.ts:197:1 › no dual-open with the @ face (F4)
[32/135] e2e/chat-md-toolout.spec.ts:154:1 › B6: no raw markdown syntax survives as literal prose
[33/135] e2e/composer-paste.spec.ts:343:1 › detail face: a non-whitelisted paste is rejected with a toast, grant never fires
[34/135] e2e/composer-inline-mention.spec.ts:292:1 › Enter without a highlight sends as typed (F1: composer-wire-reject law survives)
[35/135] e2e/composer-wire-reject.spec.ts:140:1 › detail face: a rejected steer (409) keeps the draft word for word
[36/135] e2e/composer-slash.spec.ts:212:1 › Enter on a highlighted execute row runs it without sending (F1)
[37/135] e2e/composer-paste.spec.ts:362:1 › detail face: an over-cap paste is rejected with a toast, grant never fires
[38/135] e2e/composer-inline-mention.spec.ts:303:1 › Tab inserts the top match without sending and keeps focus (rule 22/56)
[39/135] e2e/composer-wire-reject.spec.ts:165:1 › detail face: an accepted steer clears the draft
[40/135] e2e/composer-slash.spec.ts:225:1 › Tab completes without running; Enter without highlight sends (F1)
[41/135] e2e/composer-paste.spec.ts:378:1 › detail face: a non-image whitelist file (text/plain) is accepted under its real name
[42/135] e2e/composer-inline-mention.spec.ts:315:1 › mouse: hover highlights, click inserts, the textarea never loses focus (F4 combobox)
[43/135] e2e/composer-wire-reject.spec.ts:205:1 › chief face: a rejected send (500) keeps the draft and toasts
[44/135] e2e/composer-slash.spec.ts:240:1 › mid-prompt accept inserts literal text, never runs (F5)
[45/135] e2e/composer-paste.spec.ts:396:1 › detail face: a mixed file+text clipboard takes the files and drops the text
[46/135] e2e/composer-inline-mention.spec.ts:346:1 › insert lands a trailing space and the caret after it — typing continues outside the token (F6)
[47/135] e2e/composer-wire-reject.spec.ts:228:1 › chief face: an accepted send clears the draft
[48/135] e2e/composer-paste.spec.ts:424:1 › detail face: a failed upload toasts and the draft survives untouched
[49/135] e2e/composer-slash.spec.ts:252:1 › close set: Esc, space, backspace-past-slash, outside click
[50/135] e2e/composer-paste.spec.ts:446:1 › detail face: Enter during the upload does not send; after it lands, Enter sends the token
[51/135] e2e/composer-inline-mention.spec.ts:364:1 › close set: Esc closes the listbox and stays on the detail (#634 layering)
[52/135] e2e/detail-3pane.spec.ts:34:1 › three abutting panes: 240 sidebar | fluid center | 488 right
[53/135] e2e/composer-slash.spec.ts:285:1 › skill row inserts the wire token with trailing space
[54/135] e2e/detail-3pane.spec.ts:63:1 › no 文档|聊天 tab group survives on any phase surface
[55/135] e2e/composer-inline-mention.spec.ts:383:1 › close set: backspace shortens the query, backspacing past @ closes (F7)
[56/135] e2e/composer-paste.spec.ts:507:1 › new-task face: paste inserts the token line-atomic into the spec and save carries it
[57/135] e2e/composer-slash.spec.ts:298:1 › mixed: slash skill token plus @ mention coexist
[58/135] e2e/composer-inline-mention.spec.ts:408:1 › close set: typing a space ends the token (rule 34)
[59/135] e2e/composer-slash.spec.ts:315:1 › /help opens the command panel
[60/135] e2e/detail-3pane.spec.ts:72:1 › detail head keeps the 更多 icon only — branch/token/history icons are gone
[61/135] e2e/composer-inline-mention.spec.ts:416:1 › close set: caret-only moves out of the token close the list (F3)
[62/135] e2e/composer-paste.spec.ts:537:1 › new-task face: save is blocked while the paste upload is in flight
[63/135] e2e/detail-3pane.spec.ts:83:1 › composer stays in-flow inside the center column: card form, 16px insets, scroll port ends above it
[64/135] e2e/detail-esc.spec.ts:34:1 › E1: clean ESC leaves the detail, carrying the search home
[65/135] e2e/detail-3pane.spec.ts:133:1 › composer controls share one bottom row: stop is the send button's sibling
[66/135] e2e/composer-inline-mention.spec.ts:443:1 › close set: clicking outside the composer closes the list
[67/135] e2e/detail-esc.spec.ts:52:1 › E2: ESC with the chip popover open closes the popover first
[68/135] e2e/detail-3pane.spec.ts:187:1 › composer width tracks the center column across both pane states (488 pane / 418 chief dock)
[69/135] e2e/composer-inline-mention.spec.ts:452:1 › multiple mentions: a second @ after an insert opens fresh and lands in order (F10)
[70/135] e2e/composer-paste.spec.ts:566:1 › detail face probe: a real Cmd/Ctrl+V clipboard image paste rides the same chain
[71/135] e2e/detail-esc.spec.ts:63:1 › E3: ESC with a modal overlay open closes the overlay first
[72/135] e2e/composer-inline-mention.spec.ts:473:1 › popover multi-select inserts every token with trailing spaces (F11)
[73/135] e2e/detail-narrow.spec.ts:49:1 › N1: 320px degrades instead of clipping — no page overflow, no swallowed column scroll
[74/135] e2e/detail-3pane.spec.ts:211:1 › right pane type select switches between the doc surface and the three sections
[75/135] e2e/detail-narrow.spec.ts:67:1 › N2: 360 and 390 keep the same law
[76/135] e2e/dialog-viewport.spec.ts:45:1 › provider: 3 模型行把 body 撑溢,submit 钉底且滚动不位移
[77/135] e2e/detail-narrow.spec.ts:81:1 › N3: the degradation stops at 768px — the 3-pane shell survives above it
[78/135] e2e/composer-inline-mention.spec.ts:489:1 › IME: a composing Enter neither inserts nor sends (F8)
[79/135] e2e/detail-narrow.spec.ts:106:1 › N4: the docked chief panel cannot re-overflow the 320px shell
[80/135] e2e/detail-3pane.spec.ts:247:1 › scenarios 30/31/32 freeze the pane view instead of popping dialogs
[81/135] e2e/composer-inline-mention.spec.ts:519:1 › geometry: the listbox stays anchored above the composer (#688 ladder untouched)
[82/135] e2e/dialog-viewport.spec.ts:74:1 › secret: 静态表单面 submit 在视口
[83/135] e2e/detail-3pane.spec.ts:262:1 › plan card activation in the thread opens the plan doc in the right pane
[84/135] e2e/detail-narrow.spec.ts:127:1 › N5: head actions and the composer stay inside the 320px viewport
[85/135] e2e/dialog-viewport.spec.ts:84:1 › machine: disclosure 展开(最高内容态)底部链接在视口
[86/135] e2e/detail-3pane.spec.ts:276:1 › fresh phase: the brief owns the whole center column, right pane collapses
[87/135] e2e/composer-inline-mention.spec.ts:577:1 › files: empty query lists entities then files in roster order
[88/135] e2e/diff-full-file.spec.ts:20:1 › 初始态渲染 hunk 面与「显示完整文件」钮,无全文(初渲不污染)
[89/135] e2e/plan-diff-full-file.spec.ts:20:1 › 初始态渲染 hunk 面与「显示完整文件」钮,无全文(初渲不污染)
[90/135] e2e/diff-full-file.spec.ts:27:1 › 点击内联展开全文:hunks 隐去、全文带连续行号、钮翻转「显示差异」
[91/135] e2e/composer-inline-mention.spec.ts:591:1 › files: fuzzy filters both faces, agents keep ties
[92/135] e2e/dialog-viewport.spec.ts:96:1 › create-agent: submit 在视口
[93/135] e2e/plan-diff-full-file.spec.ts:27:1 › 点击内联展开 to 版本全文:hunks 隐去、行号连续、钮翻转「显示差异」
[94/135] e2e/diff-full-file.spec.ts:45:1 › 再点回到 hunk 面,钮文案翻回「显示完整文件」
[95/135] e2e/dialog-viewport.spec.ts:105:1 › charter: 取消/保存章程在视口
[96/135] e2e/plan-diff-full-file.spec.ts:46:1 › 再点回到 hunk 面,钮文案翻回「显示完整文件」
[97/135] e2e/composer-inline-mention.spec.ts:604:1 › files: Enter inserts the bare path with a trailing space and sends on second Enter
[98/135] e2e/segmented-controls.spec.ts:38:1 › page-tab: unselected hover tints the chip — dark + light
[99/135] e2e/dialog-viewport.spec.ts:115:1 › chief-agent 列表态(无按钮读面)面板整体不越视口
[100/135] e2e/spinner-live.spec.ts:55:3 › streaming row loading indicator (scenario 26) › Atom mounts: stylesheet injected, shell + 3 tilted orbits, staggered 900ms spin
[101/135] e2e/composer-inline-mention.spec.ts:623:1 › files: directory row inserts with a trailing slash
[102/135] e2e/dialog-viewport.spec.ts:124:1 › branch sync tab: 视口压过内容高,同步钮钉底,body 溢出;git tab 正常
[103/135] e2e/spinner-live.spec.ts:104:3 › streaming row loading indicator (scenario 26) › root is a 16px square, shell a 16px circle, row keeps 20px
[104/135] e2e/segmented-controls.spec.ts:52:1 › page-tab: selected chip keeps its fill under hover, same geometry as the hover tint
[105/135] e2e/spinner-live.spec.ts:136:3 › streaming row loading indicator (scenario 26) › root is aria-hidden and shell/ring strokes ride currentColor; label stays the cue
[106/135] e2e/composer-inline-mention.spec.ts:641:1 › chips: Enter-select renders the file chip with a fresh pop
[107/135] e2e/spinner-live.spec.ts:154:3 › streaming row loading indicator (scenario 26) › elapsed seconds ride tabular figures
[108/135] e2e/dialog-viewport.spec.ts:147:1 › accept(34): 取消/完成在视口
[109/135] e2e/spinner-live.spec.ts:161:3 › streaming row loading indicator (scenario 26) › prefers-reduced-motion freezes the spins with the static settle transform
[110/135] e2e/composer-inline-mention.spec.ts:661:1 › chips: agent select renders the agent chip
[111/135] e2e/transcript-user-words.spec.ts:174:1 › 1. 任务原文只出现一次：描述区承担，气泡不再复述（套娃修复）
[112/135] e2e/segmented-controls.spec.ts:89:1 › page-tab group rides the official hairline ring (r2 24b/24c probe)
[113/135] e2e/spinner-live.spec.ts:186:3 › quiescent building gap (scenario spinner-quiescent) › one live row: spinning indicator + static 执行中... label, no seconds
[114/135] e2e/transcript-user-words.spec.ts:190:1 › 2. CONTINUE 续轮指令不冒名用户气泡
[115/135] e2e/composer-inline-mention.spec.ts:672:1 › chips: Tab and click render the identical chip (accept 路径一致）
[116/135] e2e/segmented-controls.spec.ts:112:1 › page-tab click swaps the active chip and the pane
[117/135] e2e/transcript-user-words.spec.ts:197:1 › 3. 审核宣告行 = note 家族（与「发起了合并」同形），不是气泡
[118/135] e2e/segmented-controls.spec.ts:125:1 › sched freq: dark active chip reads against the container, hover tints the rest
[119/135] e2e/transcript-user-words.spec.ts:207:1 › 4. 真实 steer 话语走 markdown：围栏成代码块，字面 ``` 不泄漏
[120/135] e2e/composer-inline-mention.spec.ts:691:1 › chips: editing the path retires the chip; the pop plays only once (C8)
[121/135] e2e/transcript-user-words.spec.ts:217:1 › 5. 单段短消息气泡保持 24px 药丸高度（几何不漂移）
[122/135] e2e/transcript-user-words.spec.ts:229:1 › 6. taskline 不错挂：任务文本行退场后没有 #seq 行残留
[123/135] e2e/composer-inline-mention.spec.ts:712:1 › chips: the strip yields while the listbox is open (C6)
[124/135] e2e/composer-inline-mention.spec.ts:738:1 › five-kind: bare @ lists all five kinds in roster order
[125/135] e2e/segmented-controls.spec.ts:146:1 › files seg + tasks view toggle: hover tints the unselected (dark)
[126/135] e2e/composer-inline-mention.spec.ts:751:1 › five-kind: skill Tab-inserts the scheme token and the chip confirms
[127/135] e2e/composer-inline-mention.spec.ts:766:1 › five-kind: todo Enter-inserts the plain #seq token without sending
[128/135] e2e/composer-inline-mention.spec.ts:782:1 › five-kind: project click inserts the scheme token and the chip confirms
[129/135] e2e/segmented-controls.spec.ts:158:1 › user-menu 外观 seg: hover tints, click switches the theme
[130/135] e2e/composer-inline-mention.spec.ts:794:1 › five-kind: machine Enter-inserts without sending; second Enter sends
[131/135] e2e/segmented-controls.spec.ts:174:1 › branch-dialog seg: hover tints Git, click swaps the tab body
[132/135] e2e/segmented-controls.spec.ts:195:1 › team layout toggle: official ring border + hover tint + chip token
[133/135] e2e/segmented-controls.spec.ts:217:1 › chief tabs: hover tints, click swaps the view
[134/135] e2e/segmented-controls.spec.ts:233:1 › chief tabs: indicator pill slides between chips — 150ms ease on left/top/width/height
[135/135] e2e/segmented-controls.spec.ts:315:1 › chief tabs: reduced motion freezes the pill slide (#644)
  135 passed (16.8s)
