[WebServer] [plugin builtin:vite-reporter] 
[WebServer] (!) Some chunks are larger than 500 kB after minification. Consider:
[WebServer] - Using dynamic import() to code-split the application
[WebServer] - Use build.rolldownOptions.output.codeSplitting to improve chunking: https://rolldown.rs/reference/OutputOptions.codeSplitting
[WebServer] - Adjust chunk size limit for this warning via build.chunkSizeWarningLimit.


Running 2 tests using 1 worker

[1/2] e2e/resource-back-spa.spec.ts:53:1 › agent detail back is an in-SPA navigation, not a document reload
  1) e2e/resource-back-spa.spec.ts:53:1 › agent detail back is an in-SPA navigation, not a document reload 

    Error: expect(received).toBe(expected) // Object.is equality

    Expected: "e5d6b3a0-b212-4e77-a03d-07781d5e627a"
    Received: undefined

      47 |   expect
      48 |     .soft(await page.evaluate(() => (window as SentinelWindow).__spaSentinel))
    > 49 |     .toBe(sentinel);
         |      ^
      50 |   expect.soft(documentRequests).toBe(0);
      51 | }
      52 |
        at expectBackIsSpaNavigation (/Users/xmon/.herdr/worktrees/pacman/hp-pacman-t-0286-1157-resourceshell-link-15/apps/web/e2e/resource-back-spa.spec.ts:49:6)
        at /Users/xmon/.herdr/worktrees/pacman/hp-pacman-t-0286-1157-resourceshell-link-15/apps/web/e2e/resource-back-spa.spec.ts:54:3

    Error: expect(received).toBe(expected) // Object.is equality

    Expected: 0
    Received: 1

      48 |     .soft(await page.evaluate(() => (window as SentinelWindow).__spaSentinel))
      49 |     .toBe(sentinel);
    > 50 |   expect.soft(documentRequests).toBe(0);
         |                                 ^
      51 | }
      52 |
      53 | test('agent detail back is an in-SPA navigation, not a document reload', async ({ page }) => {
        at expectBackIsSpaNavigation (/Users/xmon/.herdr/worktrees/pacman/hp-pacman-t-0286-1157-resourceshell-link-15/apps/web/e2e/resource-back-spa.spec.ts:50:33)
        at /Users/xmon/.herdr/worktrees/pacman/hp-pacman-t-0286-1157-resourceshell-link-15/apps/web/e2e/resource-back-spa.spec.ts:54:3

    Error Context: test-results/resource-back-spa-agent-de-63b31-ation-not-a-document-reload/error-context.md


[2/2] e2e/resource-back-spa.spec.ts:62:1 › skills back is an in-SPA navigation, not a document reload
  2) e2e/resource-back-spa.spec.ts:62:1 › skills back is an in-SPA navigation, not a document reload 

    Error: expect(received).toBe(expected) // Object.is equality

    Expected: "1914b755-cafb-40ab-aaab-52821c0603ac"
    Received: undefined

      47 |   expect
      48 |     .soft(await page.evaluate(() => (window as SentinelWindow).__spaSentinel))
    > 49 |     .toBe(sentinel);
         |      ^
      50 |   expect.soft(documentRequests).toBe(0);
      51 | }
      52 |
        at expectBackIsSpaNavigation (/Users/xmon/.herdr/worktrees/pacman/hp-pacman-t-0286-1157-resourceshell-link-15/apps/web/e2e/resource-back-spa.spec.ts:49:6)
        at /Users/xmon/.herdr/worktrees/pacman/hp-pacman-t-0286-1157-resourceshell-link-15/apps/web/e2e/resource-back-spa.spec.ts:63:3

    Error: expect(received).toBe(expected) // Object.is equality

    Expected: 0
    Received: 1

      48 |     .soft(await page.evaluate(() => (window as SentinelWindow).__spaSentinel))
      49 |     .toBe(sentinel);
    > 50 |   expect.soft(documentRequests).toBe(0);
         |                                 ^
      51 | }
      52 |
      53 | test('agent detail back is an in-SPA navigation, not a document reload', async ({ page }) => {
        at expectBackIsSpaNavigation (/Users/xmon/.herdr/worktrees/pacman/hp-pacman-t-0286-1157-resourceshell-link-15/apps/web/e2e/resource-back-spa.spec.ts:50:33)
        at /Users/xmon/.herdr/worktrees/pacman/hp-pacman-t-0286-1157-resourceshell-link-15/apps/web/e2e/resource-back-spa.spec.ts:63:3

    Error Context: test-results/resource-back-spa-skills-b-a69a1-ation-not-a-document-reload/error-context.md


  2 failed
    e2e/resource-back-spa.spec.ts:53:1 › agent detail back is an in-SPA navigation, not a document reload 
    e2e/resource-back-spa.spec.ts:62:1 › skills back is an in-SPA navigation, not a document reload 
undefined
/Users/xmon/.herdr/worktrees/pacman/hp-pacman-t-0286-1157-resourceshell-link-15/apps/web:
 ERR_PNPM_RECURSIVE_EXEC_FIRST_FAIL  Command failed with exit code 1: playwright test e2e/resource-back-spa.spec.ts --reporter=line
