e-native not in agent allowlist
2026-10-05 00:50:13 [skills] filtered: offer not in agent allowlist
2026-10-05 00:50:13 [skills] filtered: pick-ui-library not in agent allowlist
2026-10-05 00:50:13 [skills] filtered: pr not in agent allowlist
2026-10-05 00:50:13 [skills] filtered: project-guide not in agent allowlist
2026-10-05 00:50:13 [skills] filtered: prototype not in agent allowlist
2026-10-05 00:50:13 [skills] filtered: prototype-switcher not in agent allowlist
2026-10-05 00:50:13 [skills] filtered: redesign-existing-projects not in agent allowlist
2026-10-05 00:50:13 [skills] filtered: research not in agent allowlist
2026-10-05 00:50:13 [skills] filtered: retro not in agent allowlist
2026-10-05 00:50:13 [skills] filtered: review-animations not in agent allowlist
2026-10-05 00:50:13 [skills] filtered: scaffold-exercises not in agent allowlist
2026-10-05 00:50:13 [skills] filtered: serve-live not in agent allowlist
2026-10-05 00:50:13 [skills] filtered: setup-matt-pocock-skills not in agent allowlist
2026-10-05 00:50:13 [skills] filtered: setup-pre-commit not in agent allowlist
2026-10-05 00:50:13 [skills] filtered: setup-ts-deep-modules not in agent allowlist
2026-10-05 00:50:13 [skills] filtered: show-me-your-work not in agent allowlist
2026-10-05 00:50:13 [skills] filtered: sync not in agent allowlist
2026-10-05 00:50:13 [skills] filtered: tdd not in agent allowlist
2026-10-05 00:50:13 [skills] filtered: teach not in agent allowlist
2026-10-05 00:50:13 [skills] filtered: technical-writing not in agent allowlist
2026-10-05 00:50:13 [skills] filtered: to-questionnaire not in agent allowlist
2026-10-05 00:50:13 [skills] filtered: to-spec not in agent allowlist
2026-10-05 00:50:13 [skills] filtered: to-tickets not in agent allowlist
2026-10-05 00:50:13 [skills] filtered: triage not in agent allowlist
2026-10-05 00:50:13 [skills] filtered: unslop not in agent allowlist
2026-10-05 00:50:13 [skills] filtered: variant not in agent allowlist
2026-10-05 00:50:13 [skills] filtered: wait-what not in agent allowlist
2026-10-05 00:50:13 [skills] filtered: wayfinder not in agent allowlist
2026-10-05 00:50:13 [skills] filtered: web-design-guidelines not in agent allowlist
2026-10-05 00:50:13 [skills] filtered: why not in agent allowlist
2026-10-05 00:50:13 [skills] filtered: wiki not in agent allowlist
2026-10-05 00:50:13 [skills] filtered: wizard not in agent allowlist
2026-10-05 00:50:13 [skills] filtered: writing-beats not in agent allowlist
2026-10-05 00:50:13 [skills] filtered: writing-dna-skill not in agent allowlist
2026-10-05 00:50:13 [skills] filtered: writing-for-agents not in agent allowlist
2026-10-05 00:50:13 [skills] filtered: writing-fragments not in agent allowlist
2026-10-05 00:50:13 [skills] filtered: writing-shape not in agent allowlist
2026-10-05 00:50:13 [skills] filtered: xm not in agent allowlist
2026-10-05 00:50:13 [skills] filtered: zread not in agent allowlist
2026-10-05 00:50:13 new session 01a107d2-b5ab-7d26-9d67-e97fa370ae28
