===== PR #876 lane, run 37259164634 att1 (03:26 UTC) =====
STEP	2026-10-05T03:26:21.8388977Z ===== 脊柱超时诊断：waitChip(/规划中/) =====
check	UNKNOWN STEP	2026-10-05T03:26:21.8389809Z UI chip = "确认"
check	UNKNOWN STEP	2026-10-05T03:26:21.8390344Z server 相位 = confirm
check	UNKNOWN STEP	2026-10-05T03:26:21.8392840Z stub 收到 9 次请求；最后一次 = {"model":"stub-model","messages":[{"role":"system","content":"你是集成测试执行 Agent：按任务要求用 bash 工具完成文件改动，然后简短汇报。\n\n## 任务元信息\n本任务当前标题是占位截断：「M5 驳回探针」。正式开工前，先调用一次 `set_task_meta` 工具回填元信息：`title` = 用不超过 50 个字总结任务正文（平文本，无 markdown，覆盖占位标题）；`tag` = 从下面的
check	UNKNOWN STEP	2026-10-05T03:26:21.8394343Z DB plans 行 2 条: v1@1791170631553(# 方案
check	UNKNOWN STEP	2026-10-05T03:26:21.8394881Z 
check	UNKNOWN STEP	2026-10-05T03:26:21.8395351Z Context: reject-v1 探针任务。
check	UNKNOWN STEP	2026-10-05T03:26:21.8400837Z Changes: …) | v2@1791170631927(# 方案
check	UNKNOWN STEP	2026-10-05T03:26:21.8401790Z 
check	UNKNOWN STEP	2026-10-05T03:26:21.8410140Z Context: 标题去掉项目名后缀-adjusted 探针任务。
check	UNKNOWN STEP	2026-10-05T03:26:21.8411984Z …)
check	UNKNOWN STEP	2026-10-05T03:26:21.8412830Z DB steps 行 2 条: plan/done@1791170631369 | plan/done@1791170631708
check	UNKNOWN STEP	2026-10-05T03:26:21.8413674Z stub 请求时刻（相对首条，ms）: 0, 19, 406, 423, 1065, 2203, 2214, 2566, 2579
check	UNKNOWN STEP	2026-10-05T03:26:21.8414464Z daemon 日志 51 行（略去 [skills] filtered 0 行）；[wake] 1 条
check	UNKNOWN STEP	2026-10-05T03:26:21.8415133Z daemon 日志尾部 15 行:
check	UNKNOWN STEP	2026-10-05T03:26:21.8415839Z 2026-10-05 03:23:51 [workspace] 准备工作区...
check	UNKNOWN STEP	2026-10-05T03:26:21.8416863Z 2026-10-05 03:23:51 [workspace] Worktree added (pacman/conv-01a10a16-d6c9-7d86-9a89-5ad2910ef59e from origin/main)
check	UNKNOWN STEP	2026-10-05T03:26:21.8418018Z 2026-10-05 03:23:51 [skills] missing-skill-md: skill path does not exist (/home/runner/.agents/skills)
check	UNKNOWN STEP	2026-10-05T03:26:21.8419395Z 2026-10-05 03:23:51 new session 01a10a16-d6c9-7d86-9a89-5ad2910ef59e
check	UNKNOWN STEP	2026-10-05T03:26:21.8420240Z 2026-10-05 03:23:51 pushed pacman/conv-01a10a16-d6c9-7d86-9a89-5ad2910ef59e
check	UNKNOWN STEP	2026-10-05T03:26:21.8421158Z 2026-10-05 03:23:51 finished (0 running)
check	UNKNOWN STEP	2026-10-05T03:26:21.8421885Z 2026-10-05 03:23:51 claim step=JQKtIHZp0DR7CEsckis_M
check	UNKNOWN STEP	2026-10-05T03:26:21.8422889Z 2026-10-05 03:23:51 step JQKtIHZp0DR7CEsckis_M for conv 01a10a16-d6c9-7d86-9a89-5ad2910ef59e (1 running)
check	UNKNOWN STEP	2026-10-05T03:26:21.8423808Z 2026-10-05 03:23:51 using model stub-gw/stub-model
check	UNKNOWN STEP	2026-10-05T03:26:21.8424577Z 2026-10-05 03:23:51 [workspace] 准备工作区...
check	UNKNOWN STEP	2026-10-05T03:26:21.8425296Z 2026-10-05 03:23:51 [workspace] Worktree reused
check	UNKNOWN STEP	2026-10-05T03:26:21.8426259Z 2026-10-05 03:23:51 [skills] missing-skill-md: skill path does not exist (/home/runner/.agents/skills)
check	UNKNOWN STEP	2026-10-05T03:26:21.8427238Z 2026-10-05 03:23:51 continue session 01a10a16-d6c9-7d86-9a89-5ad2910ef59e
check	UNKNOWN STEP	2026-10-05T03:26:21.8428164Z 2026-10-05 03:23:51 pushed pacman/conv-01a10a16-d6c9-7d86-9a89-5ad2910ef59e
check	UNKNOWN STEP	2026-10-05T03:26:21.8428933Z 2026-10-05 03:23:51 finished (0 running)
check	UNKNOWN STEP	2026-10-05T03:26:21.8429584Z ===== 诊断结束 =====
check	UNKNOWN STEP	2026-10-05

===== PR #876 lane second push, run 37259602896 att1 (03:33 UTC) =====
STEP	2026-10-05T03:33:13.9921180Z ===== 脊柱超时诊断：waitChip(/规划中/) =====
check	UNKNOWN STEP	2026-10-05T03:33:13.9921555Z UI chip = "确认"
check	UNKNOWN STEP	2026-10-05T03:33:13.9921877Z server 相位 = confirm
check	UNKNOWN STEP	2026-10-05T03:33:13.9924032Z stub 收到 9 次请求；最后一次 = {"model":"stub-model","messages":[{"role":"system","content":"你是集成测试执行 Agent：按任务要求用 bash 工具完成文件改动，然后简短汇报。\n\n## 任务元信息\n本任务当前标题是占位截断：「M5 驳回探针」。正式开工前，先调用一次 `set_task_meta` 工具回填元信息：`title` = 用不超过 50 个字总结任务正文（平文本，无 markdown，覆盖占位标题）；`tag` = 从下面的
check	UNKNOWN STEP	2026-10-05T03:33:13.9925272Z DB plans 行 2 条: v1@1791171043756(# 方案
check	UNKNOWN STEP	2026-10-05T03:33:13.9925498Z 
check	UNKNOWN STEP	2026-10-05T03:33:13.9925706Z Context: reject-v1 探针任务。
check	UNKNOWN STEP	2026-10-05T03:33:13.9926141Z Changes: …) | v2@1791171044106(# 方案
check	UNKNOWN STEP	2026-10-05T03:33:13.9926354Z 
check	UNKNOWN STEP	2026-10-05T03:33:13.9930991Z Context: 标题去掉项目名后缀-adjusted 探针任务。
check	UNKNOWN STEP	2026-10-05T03:33:13.9931355Z …)
check	UNKNOWN STEP	2026-10-05T03:33:13.9931874Z DB steps 行 2 条: plan/done@1791171043549 | plan/done@1791171043908
check	UNKNOWN STEP	2026-10-05T03:33:13.9932748Z stub 请求时刻（相对首条，ms）: 0, 22, 425, 439, 1069, 2170, 2196, 2530, 2544
check	UNKNOWN STEP	2026-10-05T03:33:13.9933352Z daemon 日志 51 行（略去 [skills] filtered 0 行）；[wake] 1 条
check	UNKNOWN STEP	2026-10-05T03:33:13.9933787Z daemon 日志尾部 15 行:
check	UNKNOWN STEP	2026-10-05T03:33:13.9934211Z 2026-10-05 03:30:43 [workspace] 准备工作区...
check	UNKNOWN STEP	2026-10-05T03:33:13.9935057Z 2026-10-05 03:30:43 [workspace] Worktree added (pacman/conv-01a10a1d-20dd-7cfe-84c9-24e1e8e6cc5c from origin/main)
check	UNKNOWN STEP	2026-10-05T03:33:13.9936080Z 2026-10-05 03:30:43 [skills] missing-skill-md: skill path does not exist (/home/runner/.agents/skills)
check	UNKNOWN STEP	2026-10-05T03:33:13.9936831Z 2026-10-05 03:30:43 new session 01a10a1d-20dd-7cfe-84c9-24e1e8e6cc5c
check	UNKNOWN STEP	2026-10-05T03:33:13.9937478Z 2026-10-05 03:30:43 pushed pacman/conv-01a10a1d-20dd-7cfe-84c9-24e1e8e6cc5c
check	UNKNOWN STEP	2026-10-05T03:33:13.9938011Z 2026-10-05 03:30:43 finished (0 running)
check	UNKNOWN STEP	2026-10-05T03:33:13.9938486Z 2026-10-05 03:30:43 claim step=5AN5GmoiqoSg-T9HoYGX5
check	UNKNOWN STEP	2026-10-05T03:33:13.9939212Z 2026-10-05 03:30:43 step 5AN5GmoiqoSg-T9HoYGX5 for conv 01a10a1d-20dd-7cfe-84c9-24e1e8e6cc5c (1 running)
check	UNKNOWN STEP	2026-10-05T03:33:13.9939890Z 2026-10-05 03:30:43 using model stub-gw/stub-model
check	UNKNOWN STEP	2026-10-05T03:33:13.9940436Z 2026-10-05 03:30:43 [workspace] 准备工作区...
check	UNKNOWN STEP	2026-10-05T03:33:13.9940862Z 2026-10-05 03:30:43 [workspace] Worktree reused
check	UNKNOWN STEP	2026-10-05T03:33:13.9941581Z 2026-10-05 03:30:44 [skills] missing-skill-md: skill path does not exist (/home/runner/.agents/skills)
check	UNKNOWN STEP	2026-10-05T03:33:13.9942483Z 2026-10-05 03:30:44 continue session 01a10a1d-20dd-7cfe-84c9-24e1e8e6cc5c
check	UNKNOWN STEP	2026-10-05T03:33:13.9943159Z 2026-10-05 03:30:44 pushed pacman/conv-01a10a1d-20dd-7cfe-84c9-24e1e8e6cc5c
check	UNKNOWN STEP	2026-10-05T03:33:13.9943705Z 2026-10-05 03:30:44 finished (0 running)
check	UNKNOWN STEP	2026-10-05T03:33:13.9944116Z ===== 诊断结束 =====
check	UNKNOWN STEP	2026-10-05

===== main after #876 merge, run 37262325352 att1 (04:14 UTC) =====
25Z 
2026-10-05T04:14:31.3466041Z ===== 脊柱超时诊断：waitChip(/规划中/) =====
2026-10-05T04:14:31.3466418Z UI chip = "确认"
2026-10-05T04:14:31.3466815Z server 相位 = confirm
2026-10-05T04:14:31.3468752Z stub 收到 9 次请求；最后一次 = {"model":"stub-model","messages":[{"role":"system","content":"你是集成测试执行 Agent：按任务要求用 bash 工具完成文件改动，然后简短汇报。\n\n## 任务元信息\n本任务当前标题是占位截断：「M5 驳回探针」。正式开工前，先调用一次 `set_task_meta` 工具回填元信息：`title` = 用不超过 50 个字总结任务正文（平文本，无 markdown，覆盖占位标题）；`tag` = 从下面的
2026-10-05T04:14:31.3470039Z DB plans 行 2 条: v1@1791173521081(# 方案
2026-10-05T04:14:31.3470291Z 
2026-10-05T04:14:31.3470494Z Context: reject-v1 探针任务。
2026-10-05T04:14:31.3470933Z Changes: …) | v2@1791173521483(# 方案
2026-10-05T04:14:31.3471157Z 
2026-10-05T04:14:31.3471686Z Context: 标题去掉项目名后缀-adjusted 探针任务。
2026-10-05T04:14:31.3472067Z …)
2026-10-05T04:14:31.3472601Z DB steps 行 2 条: plan/done@1791173520843 | plan/done@1791173521275
2026-10-05T04:14:31.3476214Z stub 请求时刻（相对首条，ms）: 0, 23, 441, 454, 1147, 2199, 2211, 2613, 2628
2026-10-05T04:14:31.3477009Z daemon 日志 51 行（略去 [skills] filtered 0 行）；[wake] 1 条
2026-10-05T04:14:31.3477462Z daemon 日志尾部 15 行:
2026-10-05T04:14:31.3477885Z 2026-10-05 04:12:00 [workspace] 准备工作区...
2026-10-05T04:14:31.3478763Z 2026-10-05 04:12:00 [workspace] Worktree added (pacman/conv-01a10a42-edcb-7efe-aaaf-8b2c8104a645 from origin/main)
2026-10-05T04:14:31.3479799Z 2026-10-05 04:12:00 [skills] missing-skill-md: skill path does not exist (/home/runner/.agents/skills)
2026-10-05T04:14:31.3480726Z 2026-10-05 04:12:00 new session 01a10a42-edcb-7efe-aaaf-8b2c8104a645
2026-10-05T04:14:31.3481416Z 2026-10-05 04:12:01 pushed pacman/conv-01a10a42-edcb-7efe-aaaf-8b2c8104a645
2026-10-05T04:14:31.3481961Z 2026-10-05 04:12:01 finished (0 running)
2026-10-05T04:14:31.3482427Z 2026-10-05 04:12:01 claim step=2jpWxE6F7oxYjwVvW_pNT
2026-10-05T04:14:31.3483215Z 2026-10-05 04:12:01 step 2jpWxE6F7oxYjwVvW_pNT for conv 01a10a42-edcb-7efe-aaaf-8b2c8104a645 (1 running)
2026-10-05T04:14:31.3483921Z 2026-10-05 04:12:01 using model stub-gw/stub-model
2026-10-05T04:14:31.3484587Z 2026-10-05 04:12:01 [workspace] 准备工作区...
2026-10-05T04:14:31.3485030Z 2026-10-05 04:12:01 [workspace] Worktree reused
2026-10-05T04:14:31.3485794Z 2026-10-05 04:12:01 [skills] missing-skill-md: skill path does not exist (/home/runner/.agents/skills)
2026-10-05T04:14:31.3486607Z 2026-10-05 04:12:01 continue session 01a10a42-edcb-7efe-aaaf-8b2c8104a645
2026-10-05T04:14:31.3487314Z 2026-10-05 04:12:01 pushed pacman/conv-01a10a42-edcb-7efe-aaaf-8b2c8104a645
2026-10-05T04:14:31.3487856Z 2026-10-05 04:12:01 finished (0 running)
2026-10-05T04:14:31.3488258Z ===== 诊断结束 =====
2026-10-05T04:14:31.3488412Z 

===== PR #879, run 37272143997 att1 (06:27 UTC) =====
60Z 
2026-10-05T06:27:26.7253427Z ===== 脊柱超时诊断：waitChip(/规划中/) =====
2026-10-05T06:27:26.7256228Z UI chip = "确认"
2026-10-05T06:27:26.7257481Z server 相位 = confirm
2026-10-05T06:27:26.7259671Z stub 收到 9 次请求；最后一次 = {"model":"stub-model","messages":[{"role":"system","content":"你是集成测试执行 Agent：按任务要求用 bash 工具完成文件改动，然后简短汇报。\n\n## 任务元信息\n本任务当前标题是占位截断：「M5 驳回探针」。正式开工前，先调用一次 `set_task_meta` 工具回填元信息：`title` = 用不超过 50 个字总结任务正文（平文本，无 markdown，覆盖占位标题）；`tag` = 从下面的
2026-10-05T06:27:26.7261253Z DB plans 行 2 条: v1@1791181496482(# 方案
2026-10-05T06:27:26.7261661Z 
2026-10-05T06:27:26.7261955Z Context: reject-v1 探针任务。
2026-10-05T06:27:26.7262752Z Changes: …) | v2@1791181496814(# 方案
2026-10-05T06:27:26.7263046Z 
2026-10-05T06:27:26.7263542Z Context: 标题去掉项目名后缀-adjusted 探针任务。
2026-10-05T06:27:26.7263993Z …)
2026-10-05T06:27:26.7264668Z DB steps 行 2 条: plan/done@1791181496307 | plan/done@1791181496639
2026-10-05T06:27:26.7265494Z stub 请求时刻（相对首条，ms）: 0, 20, 422, 450, 1065, 2180, 2192, 2511, 2527
2026-10-05T06:27:26.7266180Z daemon 日志 51 行（略去 [skills] filtered 0 行）；[wake] 1 条
2026-10-05T06:27:26.7266685Z daemon 日志尾部 15 行:
2026-10-05T06:27:26.7267189Z 2026-10-05 06:24:56 [workspace] 准备工作区...
2026-10-05T06:27:26.7268194Z 2026-10-05 06:24:56 [workspace] Worktree added (pacman/conv-01a10abc-9ff3-7276-9111-77a5f17d90d7 from origin/main)
2026-10-05T06:27:26.7269187Z 2026-10-05 06:24:56 [skills] missing-skill-md: skill path does not exist (/home/runner/.agents/skills)
2026-10-05T06:27:26.7270041Z 2026-10-05 06:24:56 new session 01a10abc-9ff3-7276-9111-77a5f17d90d7
2026-10-05T06:27:26.7270784Z 2026-10-05 06:24:56 pushed pacman/conv-01a10abc-9ff3-7276-9111-77a5f17d90d7
2026-10-05T06:27:26.7271392Z 2026-10-05 06:24:56 finished (0 running)
2026-10-05T06:27:26.7271987Z 2026-10-05 06:24:56 claim step=mGFlwoQELC-NK_9EK20Z1
2026-10-05T06:27:26.7272983Z 2026-10-05 06:24:56 step mGFlwoQELC-NK_9EK20Z1 for conv 01a10abc-9ff3-7276-9111-77a5f17d90d7 (1 running)
2026-10-05T06:27:26.7273776Z 2026-10-05 06:24:56 using model stub-gw/stub-model
2026-10-05T06:27:26.7274407Z 2026-10-05 06:24:56 [workspace] 准备工作区...
2026-10-05T06:27:26.7275011Z 2026-10-05 06:24:56 [workspace] Worktree reused
2026-10-05T06:27:26.7275834Z 2026-10-05 06:24:56 [skills] missing-skill-md: skill path does not exist (/home/runner/.agents/skills)
2026-10-05T06:27:26.7276616Z 2026-10-05 06:24:56 continue session 01a10abc-9ff3-7276-9111-77a5f17d90d7
2026-10-05T06:27:26.7277756Z 2026-10-05 06:24:56 pushed pacman/conv-01a10abc-9ff3-7276-9111-77a5f17d90d7
2026-10-05T06:27:26.7278322Z 2026-10-05 06:24:56 finished (0 running)
2026-10-05T06:27:26.7278883Z ===== 诊断结束 =====
2026-10-05T06:27:26.7279115Z 

----- PR #879 att1 playwright failure block -----
##[error]Error: expect(locator).toHaveText(expected) failed

Locator: locator('.detail-chip')
Expected pattern: /规划中/
Received string:  "确认"
Timeout: 150000ms

Call log:
  - Expect "toHaveText" locator('.detail-chip') with timeout 150000ms
  - waiting for locator('.detail-chip')
    303 × locator resolved to <button tabindex="0" type="button" data-slot="button" data-size="default" data-variant="ghost" aria-expanded="false" class="group/button inline-flex shrink-0 items-center justify-center border border-transparent bg-clip-padding whitespace-nowrap transition-[color,background-color,border-color,filter] duration-150 select-none focus-visible:[outline:2px_solid_var(--focus-ring)] focus-visible:outline-offset-2 disabled:pointer-events-none disabled:opacity-50 aria-invalid:border-destructive aria-invalid:ri…>…</button>
        - unexpected value "确认"

 ❯ captureRawStack ../node_modules/.pnpm/playwright-core@1.63.0/node_modules/playwright-core/lib/coreBundle.js:8588:17
 ❯ callMatcherAsStep ../node_modules/.pnpm/playwright@1.63.0/node_modules/playwright/lib/matchers/expect.js:13310:57
 ❯ Object.toHaveText ../node_modules/.pnpm/playwright@1.63.0/node_modules/playwright/lib/matchers/expe
