Locator: locator('.detail-chip')
Expected pattern: /规划中/
Received string:  "确认"
Timeout: 30000ms

Call log:
  - Expect "toHaveText" locator('.detail-chip') with timeout 30000ms
  - waiting for locator('.detail-chip')
    63 × locator resolved to <button tabindex="0" type="button" data-slot="button" data-size="default" data-variant="ghost" aria-expanded="false" class="group/button inline-flex shrink-0 items-center justify-center border border-transparent bg-clip-padding whitespace-nowrap transition-[color,background-color,border-color,filter] duration-150 select-none focus-visible:[outline:2px_solid_var(--focus-ring)] focus-visible:outline-offset-2 disabled:pointer-events-none disabled:opacity-50 aria-invalid:border-destructive aria-invalid:ri…>…</button>
       - unexpected value "确认"

 ❯ captureRawStack ../node_modules/.pnpm/playwright-core@1.63.0/node_modules/playwright-core/lib/coreBundle.js:8588:17
 ❯ callMatcherAsStep ../node_modules/.pnpm/playwright@1.63.0/node_modules/playwright/lib/matchers/expect.js:13310:57
 ❯ Object.toHaveText ../node_modules/.pnpm/playwright@1.63.0/node_modules/playwright/lib/matchers/expect.js:13302:23
 ❯ test/scratch-880-repro.test.ts:182:51
    180|     if (ORACLE === 'old') {
    181|       // The unsound oracle: demands sampling a sub-window transient.
    182|       await pexpect(page.locator('.detail-chip')).toHaveText(/规划中/, { …
       |                                                   ^
    183|     }
    184|

⎯⎯⎯⎯⎯⎯⎯⎯⎯⎯⎯⎯⎯⎯⎯⎯⎯⎯⎯⎯⎯⎯⎯⎯[1/1]⎯


 Test Files  1 failed (1)
      Tests  1 failed (1)
   Start at  15:28:44
   Duration  34.82s (tests 95%, import 4%, transform 1%)

