
    Expected: "帮我看看这个项目的进展 — reload 后逐字还在 (#1056)"
    Received: null

    Call Log:
    - Timeout 5000ms exceeded while waiting on the predicate

      123 |
      124 |   await input.fill(DRAFT);
    > 125 |   await expect.poll(() => storedDraft(page)).toBe(DRAFT);
          |                                              ^
      126 |   await input.press('Enter');
      127 |
      128 |   // #631 契约：被拒保留 draft；#1056 面：存储同保留（加载面不改发送面）。
        at /private/tmp/pacman-before-1056/apps/web/e2e/chief-draft-persist.spec.ts:125:46

    Error Context: test-results/chief-draft-persist-live-f-eddaf-the-box-and-in-storage-631-/error-context.md

  4) e2e/chief-draft-persist.spec.ts:138:1 › live face: minimize and SPA route switches keep the draft (D6 zero regression) 

    Error: expect(received).toBe(expected) // Object.is equality

    Expected: "帮我看看这个项目的进展 — reload 后逐字还在 (#1056)"
    Received: null

    Call Log:
    - Timeout 5000ms exceeded while waiting on the predicate

      141 |   const { drawer, input } = await openChiefComposer(page);
      142 |   await input.fill(DRAFT);
    > 143 |   await expect.poll(() => storedDraft(page)).toBe(DRAFT);
          |                                              ^
      144 |
      145 |   // 最小化腿：keepMounted 常驻保内存态（D6），受控态上提后同律。
      146 |   await drawer.getByRole('button', { name: '最小化' }).click();
        at /private/tmp/pacman-before-1056/apps/web/e2e/chief-draft-persist.spec.ts:143:46

    Error Context: test-results/chief-draft-persist-live-f-2be39-e-draft-D6-zero-regression-/error-context.md

  4 failed
    e2e/chief-draft-persist.spec.ts:66:1 › live face: the draft survives a full-page reload ────────
    e2e/chief-draft-persist.spec.ts:86:1 › live face: an accepted send clears the persisted draft (no resurrection) 
    e2e/chief-draft-persist.spec.ts:115:1 › live face: a rejected send keeps the draft in the box and in storage (#631) 
    e2e/chief-draft-persist.spec.ts:138:1 › live face: minimize and SPA route switches keep the draft (D6 zero regression) 
  1 passed (40.4s)
