
 RUN  v5.0.1 /Users/xmon/.herdr/worktrees/pacman/hp-pacman-t-0225-966-flake-runner-local-5s/apps/daemon

 ✓ test/runner-create-tag.test.ts > runner create_tag 注册面（XMON-111 T1，验收 3） > 失败方式 1：localTools 含 create_tag → 会话工具面含该词 5ms
 ✓ test/runner-create-tag.test.ts > runner create_tag 注册面（XMON-111 T1，验收 3） > 失败方式 2：localTools = []（开关关）→ 工具缺席 1ms
 ✓ test/runner-create-tag.test.ts > runner create_tag 注册面（XMON-111 T1，验收 3） > 失败方式 3：localTools 缺省（老 server）→ 工具缺席（fail-closed） 2ms
 ✓ test/runner-create-tag.test.ts > runner create_tag 注册面（XMON-111 T1，验收 3） > 失败方式 4：repo null 步词在 → 仍注册；execute 返回明确原因文本 2ms
 ✓ test/runner-local.test.ts > runner repo 形态接线（spec 12 G2-T2） > 失败方式 1：local merge 步 → worktree + push 回用户仓库 + ff-only 落地（序在 push 后）+ done success 6ms
 ✓ test/runner-local.test.ts > runner repo 形态接线（spec 12 G2-T2） > 失败方式 2：landing git 自拒 → done failed，errorMessage 含拒绝原文 2ms
 ✓ test/runner-local.test.ts > runner repo 形态接线（spec 12 G2-T2） > 失败方式 3：github merge 步 → worktree（https clone）+ push 消费 per-step 凭证；不触发 landing 2ms
 ✓ test/runner-local.test.ts > runner repo 形态接线（spec 12 G2-T2） > 失败方式 4：local build 步 → push 照常、无 landing（落地仅 merge 步） 2ms
 ✓ test/runner-local.test.ts > runner repo 形态接线（spec 12 G2-T2） > 失败方式 5：repo null → 不开 worktree（裸任务目录退化形不变） 2ms
 ✓ test/runner-local.test.ts > runner 权限闸：合并分支/推送分支（XMON-77） > 失败方式 6：merge 步 tools 携带但缺任一开关 → 会话前 failStep，errorMessage 点名缺失档 1ms
 ✓ test/runner-local.test.ts > runner 权限闸：合并分支/推送分支（XMON-77） > 失败方式 6b：merge 步全关（[]）→ 同拒，两开关齐点名 1ms
 ✓ test/runner-local.test.ts > runner 权限闸：合并分支/推送分支（XMON-77） > 失败方式 7：merge 步双开关齐 → 失败方式 1 全流程不变 1ms
 ✓ test/runner-local.test.ts > runner 权限闸：合并分支/推送分支（XMON-77） > 失败方式 8：build 步缺「推送分支」→ 提交留本地，push/landing 不做，transcript 落 push-skip 行 2ms
 ✓ test/runner-local.test.ts > runner 权限闸：合并分支/推送分支（XMON-77） > 失败方式 8b：build 步持「推送分支」→ push 照常 1ms
 ✓ test/runner-local.test.ts > runner 权限闸：合并分支/推送分支（XMON-77） > 失败方式 9：tools 缺省（老 server 版本墙）→ 两闸 fail-open，push 照常 1ms

 Test Files  2 passed (2)
      Tests  15 passed (15)
   Start at  01:51:07
   Duration  1.07s (import 73%, transform 25%, tests 2%)

exit=0
