
 RUN  v5.0.1 /private/tmp/pacman-966-before/apps/daemon

 ✓ test/runner-local.test.ts > runner repo 形态接线（spec 12 G2-T2） > 失败方式 1：local merge 步 → worktree + push 回用户仓库 + ff-only 落地（序在 push 后）+ done success 5ms
 ✓ test/runner-local.test.ts > runner repo 形态接线（spec 12 G2-T2） > 失败方式 2：landing git 自拒 → done failed，errorMessage 含拒绝原文 1ms
 × test/runner-local.test.ts > runner repo 形态接线（spec 12 G2-T2） > 失败方式 3：github merge 步 → worktree（https clone）+ push 消费 per-step 凭证；不触发 landing 5004ms
   → Test timed out in 5000ms.
If this is a long-running test, pass a timeout value as the last argument or configure it globally with "testTimeout".
 ✓ test/runner-local.test.ts > runner repo 形态接线（spec 12 G2-T2） > 失败方式 4：local build 步 → push 照常、无 landing（落地仅 merge 步） 2ms
 ✓ test/runner-local.test.ts > runner repo 形态接线（spec 12 G2-T2） > 失败方式 5：repo null → 不开 worktree（裸任务目录退化形不变） 1ms
 ✓ test/runner-local.test.ts > runner 权限闸：合并分支/推送分支（XMON-77） > 失败方式 6：merge 步 tools 携带但缺任一开关 → 会话前 failStep，errorMessage 点名缺失档 1ms
 ✓ test/runner-local.test.ts > runner 权限闸：合并分支/推送分支（XMON-77） > 失败方式 6b：merge 步全关（[]）→ 同拒，两开关齐点名 1ms
 ✓ test/runner-local.test.ts > runner 权限闸：合并分支/推送分支（XMON-77） > 失败方式 7：merge 步双开关齐 → 失败方式 1 全流程不变 1ms
 ✓ test/runner-local.test.ts > runner 权限闸：合并分支/推送分支（XMON-77） > 失败方式 8：build 步缺「推送分支」→ 提交留本地，push/landing 不做，transcript 落 push-skip 行 1ms
 ✓ test/runner-local.test.ts > runner 权限闸：合并分支/推送分支（XMON-77） > 失败方式 8b：build 步持「推送分支」→ push 照常 1ms
 ✓ test/runner-local.test.ts > runner 权限闸：合并分支/推送分支（XMON-77） > 失败方式 9：tools 缺省（老 server 版本墙）→ 两闸 fail-open，push 照常 1ms

⎯⎯⎯⎯⎯⎯⎯ Failed Tests 1 ⎯⎯⎯⎯⎯⎯⎯

 FAIL  test/runner-local.test.ts > runner repo 形态接线（spec 12 G2-T2） > 失败方式 3：github merge 步 → worktree（https clone）+ push 消费 per-step 凭证；不触发 landing
Error: Test timed out in 5000ms.
If this is a long-running test, pass a timeout value as the last argument or configure it globally with "testTimeout".
 ❯ test/runner-local.test.ts:292:3
    290|   });
    291|
    292|   test('失败方式 3：github merge 步 → worktree（https clone）+ push 消费 per-ste…
       |   ^
    293|     const { client, calls, pushes } = await setup(
    294|       claimedStep('merge', { kind: 'github', cloneUrl: 'https://github…

⎯⎯⎯⎯⎯⎯⎯⎯⎯⎯⎯⎯⎯⎯⎯⎯⎯⎯⎯⎯⎯⎯⎯⎯[1/1]⎯


 Test Files  1 failed (1)
      Tests  1 failed | 10 passed (11)
   Start at  01:50:30
   Duration  5.75s (tests 88%, import 8%, transform 4%)

