
 RUN  v5.0.1 /private/tmp/pacman-966-before/apps/daemon

 ❯ test/runner-create-tag.test.ts (4 tests | 3 failed) 15012ms
   ❯ runner create_tag 注册面（XMON-111 T1，验收 3） (4)
     × 失败方式 1：localTools 含 create_tag → 会话工具面含该词 5005ms
     × 失败方式 2：localTools = []（开关关）→ 工具缺席 5002ms
     × 失败方式 3：localTools 缺省（老 server）→ 工具缺席（fail-closed） 5003ms

⎯⎯⎯⎯⎯⎯⎯ Failed Tests 3 ⎯⎯⎯⎯⎯⎯⎯

 FAIL  test/runner-create-tag.test.ts > runner create_tag 注册面（XMON-111 T1，验收 3） > 失败方式 1：localTools 含 create_tag → 会话工具面含该词
Error: Test timed out in 5000ms.
If this is a long-running test, pass a timeout value as the last argument or configure it globally with "testTimeout".
 ❯ test/runner-create-tag.test.ts:239:3
    237|
    238| describe('runner create_tag 注册面（XMON-111 T1，验收 3）', () => {
    239|   test('失败方式 1：localTools 含 create_tag → 会话工具面含该词', async () => {
       |   ^
    240|     const { sessions } = await setup(
    241|       claimedStep({ repo: GITHUB_REPO, localTools: [LOCAL_TOOL_CREATE_…

⎯⎯⎯⎯⎯⎯⎯⎯⎯⎯⎯⎯⎯⎯⎯⎯⎯⎯⎯⎯⎯⎯⎯⎯[1/3]⎯

 FAIL  test/runner-create-tag.test.ts > runner create_tag 注册面（XMON-111 T1，验收 3） > 失败方式 2：localTools = []（开关关）→ 工具缺席
Error: Test timed out in 5000ms.
If this is a long-running test, pass a timeout value as the last argument or configure it globally with "testTimeout".
 ❯ test/runner-create-tag.test.ts:246:3
    244|   });
    245|
    246|   test('失败方式 2：localTools = []（开关关）→ 工具缺席', async () => {
       |   ^
    247|     const { sessions } = await setup(claimedStep({ repo: GITHUB_REPO, …
    248|     expect(localToolNames(sessions[0])).not.toContain('create_tag');

⎯⎯⎯⎯⎯⎯⎯⎯⎯⎯⎯⎯⎯⎯⎯⎯⎯⎯⎯⎯⎯⎯⎯⎯[2/3]⎯

 FAIL  test/runner-create-tag.test.ts > runner create_tag 注册面（XMON-111 T1，验收 3） > 失败方式 3：localTools 缺省（老 server）→ 工具缺席（fail-closed）
Error: Test timed out in 5000ms.
If this is a long-running test, pass a timeout value as the last argument or configure it globally with "testTimeout".
 ❯ test/runner-create-tag.test.ts:251:3
    249|   });
    250|
    251|   test('失败方式 3：localTools 缺省（老 server）→ 工具缺席（fail-closed）', async () =…
       |   ^
    252|     const { sessions } = await setup(claimedStep({ repo: GITHUB_REPO }…
    253|     expect(localToolNames(sessions[0])).not.toContain('create_tag');

⎯⎯⎯⎯⎯⎯⎯⎯⎯⎯⎯⎯⎯⎯⎯⎯⎯⎯⎯⎯⎯⎯⎯⎯[3/3]⎯


 Test Files  1 failed (1)
      Tests  3 failed | 1 passed (4)
   Start at  01:50:36
   Duration  15.82s (tests 95%, import 3%, transform 2%)

